Archive member included to satisfy reference by file (symbol)

/usr/lib/gcc/arm-none-eabi/9.2.1/thumb/v6-m/nofp/libgcc.a(_dvmd_tls.o)
                              CMakeFiles/picow_connection.dir/home/skarv/pico/pico-sdk/src/rp2_common/pico_divider/divider.S.obj (__aeabi_idiv0)
/usr/lib/gcc/arm-none-eabi/9.2.1/../../../arm-none-eabi/lib/thumb/v6-m/nofp/libc.a(lib_a-atexit.o)
                              /usr/lib/gcc/arm-none-eabi/9.2.1/../../../arm-none-eabi/lib/thumb/v6-m/nofp/crt0.o (atexit)
/usr/lib/gcc/arm-none-eabi/9.2.1/../../../arm-none-eabi/lib/thumb/v6-m/nofp/libc.a(lib_a-atoi.o)
                              CMakeFiles/picow_connection.dir/home/skarv/pico/pico-sdk/lib/lwip/src/core/netif.c.obj (atoi)
/usr/lib/gcc/arm-none-eabi/9.2.1/../../../arm-none-eabi/lib/thumb/v6-m/nofp/libc.a(lib_a-calloc.o)
                              CMakeFiles/picow_connection.dir/home/skarv/pico/pico-sdk/src/rp2_common/pico_malloc/pico_malloc.c.obj (calloc)
/usr/lib/gcc/arm-none-eabi/9.2.1/../../../arm-none-eabi/lib/thumb/v6-m/nofp/libc.a(lib_a-callocr.o)
                              /usr/lib/gcc/arm-none-eabi/9.2.1/../../../arm-none-eabi/lib/thumb/v6-m/nofp/libc.a(lib_a-calloc.o) (_calloc_r)
/usr/lib/gcc/arm-none-eabi/9.2.1/../../../arm-none-eabi/lib/thumb/v6-m/nofp/libc.a(lib_a-ctype_.o)
                              CMakeFiles/picow_connection.dir/home/skarv/pico/pico-sdk/lib/lwip/src/core/dns.c.obj (_ctype_)
/usr/lib/gcc/arm-none-eabi/9.2.1/../../../arm-none-eabi/lib/thumb/v6-m/nofp/libc.a(lib_a-fini.o)
                              /usr/lib/gcc/arm-none-eabi/9.2.1/../../../arm-none-eabi/lib/thumb/v6-m/nofp/crt0.o (__libc_fini_array)
/usr/lib/gcc/arm-none-eabi/9.2.1/../../../arm-none-eabi/lib/thumb/v6-m/nofp/libc.a(lib_a-impure.o)
                              /usr/lib/gcc/arm-none-eabi/9.2.1/../../../arm-none-eabi/lib/thumb/v6-m/nofp/libc.a(lib_a-calloc.o) (_impure_ptr)
/usr/lib/gcc/arm-none-eabi/9.2.1/../../../arm-none-eabi/lib/thumb/v6-m/nofp/libc.a(lib_a-init.o)
                              /usr/lib/gcc/arm-none-eabi/9.2.1/../../../arm-none-eabi/lib/thumb/v6-m/nofp/crt0.o (__libc_init_array)
/usr/lib/gcc/arm-none-eabi/9.2.1/../../../arm-none-eabi/lib/thumb/v6-m/nofp/libc.a(lib_a-malloc.o)
                              CMakeFiles/picow_connection.dir/home/skarv/pico/pico-sdk/src/rp2_common/pico_malloc/pico_malloc.c.obj (malloc)
/usr/lib/gcc/arm-none-eabi/9.2.1/../../../arm-none-eabi/lib/thumb/v6-m/nofp/libc.a(lib_a-mallocr.o)
                              /usr/lib/gcc/arm-none-eabi/9.2.1/../../../arm-none-eabi/lib/thumb/v6-m/nofp/libc.a(lib_a-callocr.o) (_malloc_r)
/usr/lib/gcc/arm-none-eabi/9.2.1/../../../arm-none-eabi/lib/thumb/v6-m/nofp/libc.a(lib_a-memcmp.o)
                              CMakeFiles/picow_connection.dir/home/skarv/pico/pico-sdk/lib/lwip/src/netif/ethernet.c.obj (memcmp)
/usr/lib/gcc/arm-none-eabi/9.2.1/../../../arm-none-eabi/lib/thumb/v6-m/nofp/libc.a(lib_a-memmove.o)
                              CMakeFiles/picow_connection.dir/home/skarv/pico/pico-sdk/lib/lwip/src/core/def.c.obj (memmove)
/usr/lib/gcc/arm-none-eabi/9.2.1/../../../arm-none-eabi/lib/thumb/v6-m/nofp/libc.a(lib_a-mlock.o)
                              /usr/lib/gcc/arm-none-eabi/9.2.1/../../../arm-none-eabi/lib/thumb/v6-m/nofp/libc.a(lib_a-mallocr.o) (__malloc_lock)
/usr/lib/gcc/arm-none-eabi/9.2.1/../../../arm-none-eabi/lib/thumb/v6-m/nofp/libc.a(lib_a-realloc.o)
                              CMakeFiles/picow_connection.dir/home/skarv/pico/pico-sdk/src/rp2_common/pico_malloc/pico_malloc.c.obj (realloc)
/usr/lib/gcc/arm-none-eabi/9.2.1/../../../arm-none-eabi/lib/thumb/v6-m/nofp/libc.a(lib_a-reallocr.o)
                              /usr/lib/gcc/arm-none-eabi/9.2.1/../../../arm-none-eabi/lib/thumb/v6-m/nofp/libc.a(lib_a-realloc.o) (_realloc_r)
/usr/lib/gcc/arm-none-eabi/9.2.1/../../../arm-none-eabi/lib/thumb/v6-m/nofp/libc.a(lib_a-sbrkr.o)
                              /usr/lib/gcc/arm-none-eabi/9.2.1/../../../arm-none-eabi/lib/thumb/v6-m/nofp/libc.a(lib_a-mallocr.o) (_sbrk_r)
/usr/lib/gcc/arm-none-eabi/9.2.1/../../../arm-none-eabi/lib/thumb/v6-m/nofp/libc.a(lib_a-strlen-stub.o)
                              CMakeFiles/picow_connection.dir/home/skarv/pico/pico-sdk/lib/lwip/src/core/def.c.obj (strlen)
/usr/lib/gcc/arm-none-eabi/9.2.1/../../../arm-none-eabi/lib/thumb/v6-m/nofp/libc.a(lib_a-strncmp.o)
                              CMakeFiles/picow_connection.dir/home/skarv/pico/pico-sdk/lib/lwip/src/core/def.c.obj (strncmp)
/usr/lib/gcc/arm-none-eabi/9.2.1/../../../arm-none-eabi/lib/thumb/v6-m/nofp/libc.a(lib_a-strtol.o)
                              /usr/lib/gcc/arm-none-eabi/9.2.1/../../../arm-none-eabi/lib/thumb/v6-m/nofp/libc.a(lib_a-atoi.o) (_strtol_r)
/usr/lib/gcc/arm-none-eabi/9.2.1/../../../arm-none-eabi/lib/thumb/v6-m/nofp/libc.a(lib_a-__atexit.o)
                              /usr/lib/gcc/arm-none-eabi/9.2.1/../../../arm-none-eabi/lib/thumb/v6-m/nofp/libc.a(lib_a-atexit.o) (__register_exitproc)
[...]
Memory Configuration

Name             Origin             Length             Attributes
FLASH            0x0000000010000000 0x0000000000200000 xr
RAM              0x0000000020000000 0x0000000000040000 xrw
SCRATCH_X        0x0000000020040000 0x0000000000001000 xrw
SCRATCH_Y        0x0000000020041000 0x0000000000001000 xrw
*default*        0x0000000000000000 0xffffffffffffffff

Linker script and memory map

LOAD /usr/lib/gcc/arm-none-eabi/9.2.1/thumb/v6-m/nofp/crti.o
LOAD /usr/lib/gcc/arm-none-eabi/9.2.1/thumb/v6-m/nofp/crtbegin.o
LOAD /usr/lib/gcc/arm-none-eabi/9.2.1/../../../arm-none-eabi/lib/thumb/v6-m/nofp/crt0.o

.flash_begin    0x0000000010000000        0x0
                0x0000000010000000                __flash_binary_start = .

.boot2          0x0000000010000000      0x100
                0x0000000010000000                __boot2_start__ = .
 *(.boot2)
 .boot2         0x0000000010000000      0x100 /tmp/ccNOFb7z.o
                0x0000000010000100                __boot2_end__ = .
                0x0000000000000001                ASSERT (((__boot2_end__ - __boot2_start__) == 0x100), ERROR: Pico second stage bootloader must be 256 bytes in size)

.text           0x0000000010000100    0x165e8
                0x0000000010000100                __logical_binary_start = .
 *(.vectors)
 .vectors       0x0000000010000100       0xd4 CMakeFiles/picow_connection.dir/home/skarv/pico/pico-sdk/src/rp2_common/pico_standard_link/crt0.S.obj
                0x0000000010000100                __vectors
                0x0000000010000100                __VECTOR_TABLE
                0x00000000100001c0                isr_invalid
                0x00000000100001c0                __default_isrs_start
                0x00000000100001c2                isr_nmi
                0x00000000100001c4                isr_hardfault
                0x00000000100001c6                isr_svcall
                0x00000000100001c8                isr_pendsv
                0x00000000100001ca                isr_systick
                0x00000000100001cc                isr_irq30
                0x00000000100001cc                __unhandled_user_irq
                0x00000000100001cc                isr_irq13
                0x00000000100001cc                isr_irq27
                0x00000000100001cc                isr_irq31
                0x00000000100001cc                isr_irq5
                0x00000000100001cc                isr_irq11
                0x00000000100001cc                isr_irq23
                0x00000000100001cc                isr_irq18
                0x00000000100001cc                isr_irq28
                0x00000000100001cc                isr_irq19
                0x00000000100001cc                isr_irq0
                0x00000000100001cc                isr_irq6
                0x00000000100001cc                isr_irq22
                0x00000000100001cc                isr_irq17
                0x00000000100001cc                isr_irq14
                0x00000000100001cc                isr_irq2
                0x00000000100001cc                isr_irq10
                0x00000000100001cc                isr_irq8
                0x00000000100001cc                isr_irq24
                0x00000000100001cc                isr_irq1
                0x00000000100001cc                isr_irq7
                0x00000000100001cc                isr_irq21
                0x00000000100001cc                isr_irq20
                0x00000000100001cc                isr_irq15
                0x00000000100001cc                isr_irq25
                0x00000000100001cc                isr_irq4
                0x00000000100001cc                isr_irq16
                0x00000000100001cc                isr_irq29
                0x00000000100001cc                isr_irq26
                0x00000000100001cc                __default_isrs_end
                0x00000000100001cc                isr_irq3
                0x00000000100001cc                isr_irq12
                0x00000000100001cc                isr_irq9
                0x00000000100001d2                unhandled_user_irq_num_in_r0
 *(.binary_info_header)
 .binary_info_header
                0x00000000100001d4       0x14 CMakeFiles/picow_connection.dir/home/skarv/pico/pico-sdk/src/rp2_common/pico_standard_link/crt0.S.obj
                0x00000000100001e8                __binary_info_header_end = .
 *(.reset)
 .reset         0x00000000100001e8       0xa0 CMakeFiles/picow_connection.dir/home/skarv/pico/pico-sdk/src/rp2_common/pico_standard_link/crt0.S.obj
                0x00000000100001e8                _entry_point
 .reset         0x0000000010000288       0x30 CMakeFiles/picow_connection.dir/home/skarv/pico/pico-sdk/src/rp2_common/pico_standard_link/binary_info.c.obj
 *(.init)
 .init          0x00000000100002b8        0x4 /usr/lib/gcc/arm-none-eabi/9.2.1/thumb/v6-m/nofp/crti.o
                0x00000000100002b8                _init
 *(EXCLUDE_FILE(*libm.a: *libc.a:*lib_a-mem*.o *libgcc.a:) .text*)
 .text          0x00000000100002bc       0x98 /usr/lib/gcc/arm-none-eabi/9.2.1/thumb/v6-m/nofp/crtbegin.o
 .text.startup.main
                0x0000000010000354       0x84 CMakeFiles/picow_connection.dir/connection.c.obj
                0x0000000010000354                main
 .text.lwip_timeout_reached
                0x00000000100003d8        0x8 CMakeFiles/picow_connection.dir/home/skarv/pico/pico-sdk/src/rp2_common/pico_lwip/lwip_nosys.c.obj
 .text.update_next_timeout
                0x00000000100003e0       0x6c CMakeFiles/picow_connection.dir/home/skarv/pico/pico-sdk/src/rp2_common/pico_lwip/lwip_nosys.c.obj
 .text.lwip_nosys_init
                0x000000001000044c       0x30 CMakeFiles/picow_connection.dir/home/skarv/pico/pico-sdk/src/rp2_common/pico_lwip/lwip_nosys.c.obj
                0x000000001000044c                lwip_nosys_init
 .text.lwip_nosys_deinit
                0x000000001000047c       0x20 CMakeFiles/picow_connection.dir/home/skarv/pico/pico-sdk/src/rp2_common/pico_lwip/lwip_nosys.c.obj
                0x000000001000047c                lwip_nosys_deinit
 .text.sys_arch_protect
                0x000000001000049c        0x4 CMakeFiles/picow_connection.dir/home/skarv/pico/pico-sdk/src/rp2_common/pico_lwip/lwip_nosys.c.obj
                0x000000001000049c                sys_arch_protect
 .text.sys_arch_unprotect
                0x00000000100004a0        0x4 CMakeFiles/picow_connection.dir/home/skarv/pico/pico-sdk/src/rp2_common/pico_lwip/lwip_nosys.c.obj
                0x00000000100004a0                sys_arch_unprotect
 .text.sys_now  0x00000000100004a4       0x20 CMakeFiles/picow_connection.dir/home/skarv/pico/pico-sdk/src/rp2_common/pico_lwip/lwip_nosys.c.obj
                0x00000000100004a4                sys_now
 .text.async_context_base_add_at_time_worker
                0x00000000100004c4       0x28 CMakeFiles/picow_connection.dir/home/skarv/pico/pico-sdk/src/rp2_common/pico_async_context/async_context_base.c.obj
                0x00000000100004c4                async_context_base_add_at_time_worker
 .text.async_context_base_remove_at_time_worker
                0x00000000100004ec       0x28 CMakeFiles/picow_connection.dir/home/skarv/pico/pico-sdk/src/rp2_common/pico_async_context/async_context_base.c.obj
                0x00000000100004ec                async_context_base_remove_at_time_worker
 .text.async_context_base_add_when_pending_worker
                0x0000000010000514       0x24 CMakeFiles/picow_connection.dir/home/skarv/pico/pico-sdk/src/rp2_common/pico_async_context/async_context_base.c.obj
                0x0000000010000514                async_context_base_add_when_pending_worker
 .text.async_context_base_remove_when_pending_worker
                0x0000000010000538       0x28 CMakeFiles/picow_connection.dir/home/skarv/pico/pico-sdk/src/rp2_common/pico_async_context/async_context_base.c.obj
                0x0000000010000538                async_context_base_remove_when_pending_worker
 .text.async_context_base_execute_once
                0x0000000010000560       0xe4 CMakeFiles/picow_connection.dir/home/skarv/pico/pico-sdk/src/rp2_common/pico_async_context/async_context_base.c.obj
                0x0000000010000560                async_context_base_execute_once
 .text.running_on_fpga
                0x0000000010000644       0x10 CMakeFiles/picow_connection.dir/home/skarv/pico/pico-sdk/src/rp2_common/pico_platform/platform.c.obj
                0x0000000010000644                running_on_fpga
 .text.splitmix64
                0x0000000010000654       0x58 CMakeFiles/picow_connection.dir/home/skarv/pico/pico-sdk/src/rp2_common/pico_rand/rand.c.obj
 .text.xoroshiro128ss.isra.0
                0x00000000100006ac       0xa4 CMakeFiles/picow_connection.dir/home/skarv/pico/pico-sdk/src/rp2_common/pico_rand/rand.c.obj
 .text.get_rand_64
                0x0000000010000750      0x470 CMakeFiles/picow_connection.dir/home/skarv/pico/pico-sdk/src/rp2_common/pico_rand/rand.c.obj
                0x0000000010000750                get_rand_64
 .text.get_rand_32
                0x0000000010000bc0        0x8 CMakeFiles/picow_connection.dir/home/skarv/pico/pico-sdk/src/rp2_common/pico_rand/rand.c.obj
                0x0000000010000bc0                get_rand_32
 .text.startup._retrieve_unique_id_on_boot
                0x0000000010000bc8       0x10 CMakeFiles/picow_connection.dir/home/skarv/pico/pico-sdk/src/rp2_common/pico_unique_id/unique_id.c.obj
 .text.pico_get_unique_board_id
                0x0000000010000bd8       0x10 CMakeFiles/picow_connection.dir/home/skarv/pico/pico-sdk/src/rp2_common/pico_unique_id/unique_id.c.obj
                0x0000000010000bd8                pico_get_unique_board_id
 .text.pico_get_unique_board_id_string
                0x0000000010000be8      0x1bc CMakeFiles/picow_connection.dir/home/skarv/pico/pico-sdk/src/rp2_common/pico_unique_id/unique_id.c.obj
                0x0000000010000be8                pico_get_unique_board_id_string
 .text.flash_get_unique_id
                0x0000000010000da4       0x40 CMakeFiles/picow_connection.dir/home/skarv/pico/pico-sdk/src/rp2_common/hardware_flash/flash.c.obj
                0x0000000010000da4                flash_get_unique_id
 .text.hw_claim_lock
                0x0000000010000de4       0x18 CMakeFiles/picow_connection.dir/home/skarv/pico/pico-sdk/src/rp2_common/hardware_claim/claim.c.obj
                0x0000000010000de4                hw_claim_lock
 .text.hw_claim_unlock
                0x0000000010000dfc       0x14 CMakeFiles/picow_connection.dir/home/skarv/pico/pico-sdk/src/rp2_common/hardware_claim/claim.c.obj
                0x0000000010000dfc                hw_claim_unlock
 .text.hw_claim_or_assert
                0x0000000010000e10       0x48 CMakeFiles/picow_connection.dir/home/skarv/pico/pico-sdk/src/rp2_common/hardware_claim/claim.c.obj
                0x0000000010000e10                hw_claim_or_assert
 .text.hw_claim_unused_from_range
                0x0000000010000e58       0x9c CMakeFiles/picow_connection.dir/home/skarv/pico/pico-sdk/src/rp2_common/hardware_claim/claim.c.obj
                0x0000000010000e58                hw_claim_unused_from_range
 .text.hw_claim_clear
                0x0000000010000ef4       0x38 CMakeFiles/picow_connection.dir/home/skarv/pico/pico-sdk/src/rp2_common/hardware_claim/claim.c.obj
                0x0000000010000ef4                hw_claim_clear
 .text.spin_locks_reset
                0x0000000010000f2c       0x1c CMakeFiles/picow_connection.dir/home/skarv/pico/pico-sdk/src/rp2_common/hardware_sync/sync.c.obj
                0x0000000010000f2c                spin_locks_reset
 .text.next_striped_spin_lock_num
                0x0000000010000f48       0x18 CMakeFiles/picow_connection.dir/home/skarv/pico/pico-sdk/src/rp2_common/hardware_sync/sync.c.obj
                0x0000000010000f48                next_striped_spin_lock_num
 .text.spin_lock_claim_unused
                0x0000000010000f60       0x20 CMakeFiles/picow_connection.dir/home/skarv/pico/pico-sdk/src/rp2_common/hardware_sync/sync.c.obj
                0x0000000010000f60                spin_lock_claim_unused
 .text.rom_func_lookup
                0x0000000010000f80       0x10 CMakeFiles/picow_connection.dir/home/skarv/pico/pico-sdk/src/rp2_common/pico_bootrom/bootrom.c.obj
                0x0000000010000f80                rom_func_lookup
 .text.rom_data_lookup
                0x0000000010000f90       0x10 CMakeFiles/picow_connection.dir/home/skarv/pico/pico-sdk/src/rp2_common/pico_bootrom/bootrom.c.obj
                0x0000000010000f90                rom_data_lookup
 .text.rom_funcs_lookup
                0x0000000010000fa0       0x3c CMakeFiles/picow_connection.dir/home/skarv/pico/pico-sdk/src/rp2_common/pico_bootrom/bootrom.c.obj
                0x0000000010000fa0                rom_funcs_lookup
 .text.clocks_init
                0x0000000010000fdc      0x2bc CMakeFiles/picow_connection.dir/home/skarv/pico/pico-sdk/src/rp2_common/hardware_clocks/clocks.c.obj
                0x0000000010000fdc                clocks_init
 .text.clock_get_hz
                0x0000000010001298        0xc CMakeFiles/picow_connection.dir/home/skarv/pico/pico-sdk/src/rp2_common/hardware_clocks/clocks.c.obj
                0x0000000010001298                clock_get_hz
 .text.gpio_set_function
                0x00000000100012a4       0x30 CMakeFiles/picow_connection.dir/home/skarv/pico/pico-sdk/src/rp2_common/hardware_gpio/gpio.c.obj
                0x00000000100012a4                gpio_set_function
 .text.gpio_set_pulls
                0x00000000100012d4       0x30 CMakeFiles/picow_connection.dir/home/skarv/pico/pico-sdk/src/rp2_common/hardware_gpio/gpio.c.obj
                0x00000000100012d4                gpio_set_pulls
 .text.gpio_set_input_hysteresis_enabled
                0x0000000010001304       0x28 CMakeFiles/picow_connection.dir/home/skarv/pico/pico-sdk/src/rp2_common/hardware_gpio/gpio.c.obj
                0x0000000010001304                gpio_set_input_hysteresis_enabled
 .text.gpio_set_irq_enabled
                0x000000001000132c       0x54 CMakeFiles/picow_connection.dir/home/skarv/pico/pico-sdk/src/rp2_common/hardware_gpio/gpio.c.obj
                0x000000001000132c                gpio_set_irq_enabled
 .text.gpio_add_raw_irq_handler_with_order_priority_masked
                0x0000000010001380       0x44 CMakeFiles/picow_connection.dir/home/skarv/pico/pico-sdk/src/rp2_common/hardware_gpio/gpio.c.obj
                0x0000000010001380                gpio_add_raw_irq_handler_with_order_priority_masked
 .text.gpio_remove_raw_irq_handler_masked
                0x00000000100013c4       0x20 CMakeFiles/picow_connection.dir/home/skarv/pico/pico-sdk/src/rp2_common/hardware_gpio/gpio.c.obj
                0x00000000100013c4                gpio_remove_raw_irq_handler_masked
 .text.gpio_init
                0x00000000100013e4       0x3c CMakeFiles/picow_connection.dir/home/skarv/pico/pico-sdk/src/rp2_common/hardware_gpio/gpio.c.obj
                0x00000000100013e4                gpio_init
 .text.irq_set_enabled
                0x0000000010001420       0x24 CMakeFiles/picow_connection.dir/home/skarv/pico/pico-sdk/src/rp2_common/hardware_irq/irq.c.obj
                0x0000000010001420                irq_set_enabled
 .text.irq_set_pending
                0x0000000010001444       0x10 CMakeFiles/picow_connection.dir/home/skarv/pico/pico-sdk/src/rp2_common/hardware_irq/irq.c.obj
                0x0000000010001444                irq_set_pending
 .text.irq_has_shared_handler
                0x0000000010001454       0x2c CMakeFiles/picow_connection.dir/home/skarv/pico/pico-sdk/src/rp2_common/hardware_irq/irq.c.obj
                0x0000000010001454                irq_has_shared_handler
 .text.irq_get_vtable_handler
                0x0000000010001480       0x10 CMakeFiles/picow_connection.dir/home/skarv/pico/pico-sdk/src/rp2_common/hardware_irq/irq.c.obj
                0x0000000010001480                irq_get_vtable_handler
 .text.irq_set_exclusive_handler
                0x0000000010001490       0x54 CMakeFiles/picow_connection.dir/home/skarv/pico/pico-sdk/src/rp2_common/hardware_irq/irq.c.obj
                0x0000000010001490                irq_set_exclusive_handler
 .text.irq_add_shared_handler
                0x00000000100014e4      0x1c0 CMakeFiles/picow_connection.dir/home/skarv/pico/pico-sdk/src/rp2_common/hardware_irq/irq.c.obj
                0x00000000100014e4                irq_add_shared_handler
 .text.irq_remove_handler
                0x00000000100016a4      0x1b4 CMakeFiles/picow_connection.dir/home/skarv/pico/pico-sdk/src/rp2_common/hardware_irq/irq.c.obj
                0x00000000100016a4                irq_remove_handler
 .text.irq_set_priority
                0x0000000010001858       0x28 CMakeFiles/picow_connection.dir/home/skarv/pico/pico-sdk/src/rp2_common/hardware_irq/irq.c.obj
                0x0000000010001858                irq_set_priority
 .text.irq_add_tail_to_free_list
                0x0000000010001880       0xb4 CMakeFiles/picow_connection.dir/home/skarv/pico/pico-sdk/src/rp2_common/hardware_irq/irq.c.obj
                0x0000000010001880                irq_add_tail_to_free_list
 .text.irq_init_priorities
                0x0000000010001934       0x24 CMakeFiles/picow_connection.dir/home/skarv/pico/pico-sdk/src/rp2_common/hardware_irq/irq.c.obj
                0x0000000010001934                irq_init_priorities
 .text.user_irq_unclaim
                0x0000000010001958       0x14 CMakeFiles/picow_connection.dir/home/skarv/pico/pico-sdk/src/rp2_common/hardware_irq/irq.c.obj
                0x0000000010001958                user_irq_unclaim
 .text.user_irq_claim_unused
                0x000000001000196c       0x28 CMakeFiles/picow_connection.dir/home/skarv/pico/pico-sdk/src/rp2_common/hardware_irq/irq.c.obj
                0x000000001000196c                user_irq_claim_unused
 .text.sem_init
                0x0000000010001994       0x20 CMakeFiles/picow_connection.dir/home/skarv/pico/pico-sdk/src/common/pico_sync/sem.c.obj
                0x0000000010001994                sem_init
 .text.lock_init
                0x00000000100019b4       0x10 CMakeFiles/picow_connection.dir/home/skarv/pico/pico-sdk/src/common/pico_sync/lock_core.c.obj
                0x00000000100019b4                lock_init
 .text.mutex_init
                0x00000000100019c4       0x1c CMakeFiles/picow_connection.dir/home/skarv/pico/pico-sdk/src/common/pico_sync/mutex.c.obj
                0x00000000100019c4                mutex_init
 .text.recursive_mutex_init
                0x00000000100019e0       0x1c CMakeFiles/picow_connection.dir/home/skarv/pico/pico-sdk/src/common/pico_sync/mutex.c.obj
                0x00000000100019e0                recursive_mutex_init
 .text.critical_section_init
                0x00000000100019fc       0x1c CMakeFiles/picow_connection.dir/home/skarv/pico/pico-sdk/src/common/pico_sync/critical_section.c.obj
                0x00000000100019fc                critical_section_init
 .text.critical_section_init_with_lock_num
                0x0000000010001a18       0x14 CMakeFiles/picow_connection.dir/home/skarv/pico/pico-sdk/src/common/pico_sync/critical_section.c.obj
                0x0000000010001a18                critical_section_init_with_lock_num
 .text.timer_pool_entry_comparator
                0x0000000010001a2c       0x34 CMakeFiles/picow_connection.dir/home/skarv/pico/pico-sdk/src/common/pico_time/time.c.obj
                0x0000000010001a2c                timer_pool_entry_comparator
 .text.sleep_until_callback
                0x0000000010001a60       0x30 CMakeFiles/picow_connection.dir/home/skarv/pico/pico-sdk/src/common/pico_time/time.c.obj
 .text.add_alarm_under_lock
                0x0000000010001a90      0x108 CMakeFiles/picow_connection.dir/home/skarv/pico/pico-sdk/src/common/pico_time/time.c.obj
 .text.alarm_pool_alarm_callback
                0x0000000010001b98      0x1b8 CMakeFiles/picow_connection.dir/home/skarv/pico/pico-sdk/src/common/pico_time/time.c.obj
 .text.alarm_pool_init_default
                0x0000000010001d50       0x6c CMakeFiles/picow_connection.dir/home/skarv/pico/pico-sdk/src/common/pico_time/time.c.obj
                0x0000000010001d50                alarm_pool_init_default
 .text.alarm_pool_get_default
                0x0000000010001dbc        0x8 CMakeFiles/picow_connection.dir/home/skarv/pico/pico-sdk/src/common/pico_time/time.c.obj
                0x0000000010001dbc                alarm_pool_get_default
 .text.alarm_pool_add_alarm_at
                0x0000000010001dc4      0x190 CMakeFiles/picow_connection.dir/home/skarv/pico/pico-sdk/src/common/pico_time/time.c.obj
                0x0000000010001dc4                alarm_pool_add_alarm_at
 .text.alarm_pool_cancel_alarm
                0x0000000010001f54       0x70 CMakeFiles/picow_connection.dir/home/skarv/pico/pico-sdk/src/common/pico_time/time.c.obj
                0x0000000010001f54                alarm_pool_cancel_alarm
 .text.alarm_pool_core_num
                0x0000000010001fc4        0x4 CMakeFiles/picow_connection.dir/home/skarv/pico/pico-sdk/src/common/pico_time/time.c.obj
                0x0000000010001fc4                alarm_pool_core_num
 .text.sleep_until
                0x0000000010001fc8       0xc4 CMakeFiles/picow_connection.dir/home/skarv/pico/pico-sdk/src/common/pico_time/time.c.obj
                0x0000000010001fc8                sleep_until
 .text.sleep_ms
                0x000000001000208c       0x34 CMakeFiles/picow_connection.dir/home/skarv/pico/pico-sdk/src/common/pico_time/time.c.obj
                0x000000001000208c                sleep_ms
 .text.best_effort_wfe_or_timeout
                0x00000000100020c0       0x60 CMakeFiles/picow_connection.dir/home/skarv/pico/pico-sdk/src/common/pico_time/time.c.obj
                0x00000000100020c0                best_effort_wfe_or_timeout
 .text.hardware_alarm_irq_handler
                0x0000000010002120       0xbc CMakeFiles/picow_connection.dir/home/skarv/pico/pico-sdk/src/rp2_common/hardware_timer/timer.c.obj
 .text.hardware_alarm_claim
                0x00000000100021dc       0x18 CMakeFiles/picow_connection.dir/home/skarv/pico/pico-sdk/src/rp2_common/hardware_timer/timer.c.obj
                0x00000000100021dc                hardware_alarm_claim
 .text.time_us_64
                0x00000000100021f4       0x14 CMakeFiles/picow_connection.dir/home/skarv/pico/pico-sdk/src/rp2_common/hardware_timer/timer.c.obj
                0x00000000100021f4                time_us_64
 .text.busy_wait_until
                0x0000000010002208       0x20 CMakeFiles/picow_connection.dir/home/skarv/pico/pico-sdk/src/rp2_common/hardware_timer/timer.c.obj
                0x0000000010002208                busy_wait_until
 .text.hardware_alarm_set_callback
                0x0000000010002228       0x8c CMakeFiles/picow_connection.dir/home/skarv/pico/pico-sdk/src/rp2_common/hardware_timer/timer.c.obj
                0x0000000010002228                hardware_alarm_set_callback
 .text.hardware_alarm_set_target
                0x00000000100022b4       0xe4 CMakeFiles/picow_connection.dir/home/skarv/pico/pico-sdk/src/rp2_common/hardware_timer/timer.c.obj
                0x00000000100022b4                hardware_alarm_set_target
 .text.hardware_alarm_cancel
                0x0000000010002398       0x40 CMakeFiles/picow_connection.dir/home/skarv/pico/pico-sdk/src/rp2_common/hardware_timer/timer.c.obj
                0x0000000010002398                hardware_alarm_cancel
 .text.ph_merge_nodes
                0x00000000100023d8       0x68 CMakeFiles/picow_connection.dir/home/skarv/pico/pico-sdk/src/common/pico_util/pheap.c.obj
 .text.ph_post_alloc_init
                0x0000000010002440       0x3c CMakeFiles/picow_connection.dir/home/skarv/pico/pico-sdk/src/common/pico_util/pheap.c.obj
                0x0000000010002440                ph_post_alloc_init
 .text.ph_merge_two_pass
                0x000000001000247c       0x90 CMakeFiles/picow_connection.dir/home/skarv/pico/pico-sdk/src/common/pico_util/pheap.c.obj
                0x000000001000247c                ph_merge_two_pass
 .text.ph_remove_any_head
                0x000000001000250c      0x100 CMakeFiles/picow_connection.dir/home/skarv/pico/pico-sdk/src/common/pico_util/pheap.c.obj
 .text.ph_remove_head
                0x000000001000260c      0x144 CMakeFiles/picow_connection.dir/home/skarv/pico/pico-sdk/src/common/pico_util/pheap.c.obj
                0x000000001000260c                ph_remove_head
 .text.ph_remove_and_free_node
                0x0000000010002750       0x7c CMakeFiles/picow_connection.dir/home/skarv/pico/pico-sdk/src/common/pico_util/pheap.c.obj
                0x0000000010002750                ph_remove_and_free_node
 .text.pll_init
                0x00000000100027cc       0xa8 CMakeFiles/picow_connection.dir/home/skarv/pico/pico-sdk/src/rp2_common/hardware_pll/pll.c.obj
                0x00000000100027cc                pll_init
 .text.watchdog_start_tick
                0x0000000010002874       0x10 CMakeFiles/picow_connection.dir/home/skarv/pico/pico-sdk/src/rp2_common/hardware_watchdog/watchdog.c.obj
                0x0000000010002874                watchdog_start_tick
 .text.watchdog_reboot
                0x0000000010002884       0x98 CMakeFiles/picow_connection.dir/home/skarv/pico/pico-sdk/src/rp2_common/hardware_watchdog/watchdog.c.obj
                0x0000000010002884                watchdog_reboot
 .text.xosc_init
                0x000000001000291c       0x28 CMakeFiles/picow_connection.dir/home/skarv/pico/pico-sdk/src/rp2_common/hardware_xosc/xosc.c.obj
                0x000000001000291c                xosc_init
 .text.lwip_init
                0x0000000010002944       0x24 CMakeFiles/picow_connection.dir/home/skarv/pico/pico-sdk/lib/lwip/src/core/init.c.obj
                0x0000000010002944                lwip_init
 .text.lwip_htons
                0x0000000010002968        0x8 CMakeFiles/picow_connection.dir/home/skarv/pico/pico-sdk/lib/lwip/src/core/def.c.obj
                0x0000000010002968                lwip_htons
 .text.lwip_htonl
                0x0000000010002970        0x4 CMakeFiles/picow_connection.dir/home/skarv/pico/pico-sdk/lib/lwip/src/core/def.c.obj
                0x0000000010002970                lwip_htonl
 .text.dns_call_found
                0x0000000010002974      0x134 CMakeFiles/picow_connection.dir/home/skarv/pico/pico-sdk/lib/lwip/src/core/dns.c.obj
 .text.dns_send
                0x0000000010002aa8      0x178 CMakeFiles/picow_connection.dir/home/skarv/pico/pico-sdk/lib/lwip/src/core/dns.c.obj
 .text.dns_init
                0x0000000010002c20        0x4 CMakeFiles/picow_connection.dir/home/skarv/pico/pico-sdk/lib/lwip/src/core/dns.c.obj
                0x0000000010002c20                dns_init
 .text.dns_setserver
                0x0000000010002c24       0x2c CMakeFiles/picow_connection.dir/home/skarv/pico/pico-sdk/lib/lwip/src/core/dns.c.obj
                0x0000000010002c24                dns_setserver
 .text.dns_tmr  0x0000000010002c50      0x138 CMakeFiles/picow_connection.dir/home/skarv/pico/pico-sdk/lib/lwip/src/core/dns.c.obj
                0x0000000010002c50                dns_tmr
 .text.lwip_standard_chksum
                0x0000000010002d88       0xd8 CMakeFiles/picow_connection.dir/home/skarv/pico/pico-sdk/lib/lwip/src/core/inet_chksum.c.obj
                0x0000000010002d88                lwip_standard_chksum
 .text.inet_chksum_pseudo
                0x0000000010002e60       0xbc CMakeFiles/picow_connection.dir/home/skarv/pico/pico-sdk/lib/lwip/src/core/inet_chksum.c.obj
                0x0000000010002e60                inet_chksum_pseudo
 .text.ip_chksum_pseudo
                0x0000000010002f1c       0x10 CMakeFiles/picow_connection.dir/home/skarv/pico/pico-sdk/lib/lwip/src/core/inet_chksum.c.obj
                0x0000000010002f1c                ip_chksum_pseudo
 .text.inet_chksum
                0x0000000010002f2c        0xc CMakeFiles/picow_connection.dir/home/skarv/pico/pico-sdk/lib/lwip/src/core/inet_chksum.c.obj
                0x0000000010002f2c                inet_chksum
 .text.inet_chksum_pbuf
                0x0000000010002f38       0x6c CMakeFiles/picow_connection.dir/home/skarv/pico/pico-sdk/lib/lwip/src/core/inet_chksum.c.obj
                0x0000000010002f38                inet_chksum_pbuf
 .text.mem_init
                0x0000000010002fa4       0x40 CMakeFiles/picow_connection.dir/home/skarv/pico/pico-sdk/lib/lwip/src/core/mem.c.obj
                0x0000000010002fa4                mem_init
 .text.mem_free
                0x0000000010002fe4      0x118 CMakeFiles/picow_connection.dir/home/skarv/pico/pico-sdk/lib/lwip/src/core/mem.c.obj
                0x0000000010002fe4                mem_free
 .text.mem_trim
                0x00000000100030fc       0xfc CMakeFiles/picow_connection.dir/home/skarv/pico/pico-sdk/lib/lwip/src/core/mem.c.obj
                0x00000000100030fc                mem_trim
 .text.mem_malloc
                0x00000000100031f8      0x118 CMakeFiles/picow_connection.dir/home/skarv/pico/pico-sdk/lib/lwip/src/core/mem.c.obj
                0x00000000100031f8                mem_malloc
 .text.memp_init
                0x0000000010003310       0x6c CMakeFiles/picow_connection.dir/home/skarv/pico/pico-sdk/lib/lwip/src/core/memp.c.obj
                0x0000000010003310                memp_init
 .text.memp_malloc
                0x000000001000337c       0x3c CMakeFiles/picow_connection.dir/home/skarv/pico/pico-sdk/lib/lwip/src/core/memp.c.obj
                0x000000001000337c                memp_malloc
 .text.memp_free
                0x00000000100033b8       0x38 CMakeFiles/picow_connection.dir/home/skarv/pico/pico-sdk/lib/lwip/src/core/memp.c.obj
                0x00000000100033b8                memp_free
 .text.netif_null_output_ip4
                0x00000000100033f0        0x8 CMakeFiles/picow_connection.dir/home/skarv/pico/pico-sdk/lib/lwip/src/core/netif.c.obj
 .text.netif_do_set_ipaddr
                0x00000000100033f8       0x74 CMakeFiles/picow_connection.dir/home/skarv/pico/pico-sdk/lib/lwip/src/core/netif.c.obj
 .text.netif_init
                0x000000001000346c        0x4 CMakeFiles/picow_connection.dir/home/skarv/pico/pico-sdk/lib/lwip/src/core/netif.c.obj
                0x000000001000346c                netif_init
 .text.netif_add
                0x0000000010003470      0x144 CMakeFiles/picow_connection.dir/home/skarv/pico/pico-sdk/lib/lwip/src/core/netif.c.obj
                0x0000000010003470                netif_add
 .text.netif_set_addr
                0x00000000100035b4       0xb8 CMakeFiles/picow_connection.dir/home/skarv/pico/pico-sdk/lib/lwip/src/core/netif.c.obj
                0x00000000100035b4                netif_set_addr
 .text.netif_remove
                0x000000001000366c       0x94 CMakeFiles/picow_connection.dir/home/skarv/pico/pico-sdk/lib/lwip/src/core/netif.c.obj
                0x000000001000366c                netif_remove
 .text.netif_set_default
                0x0000000010003700        0xc CMakeFiles/picow_connection.dir/home/skarv/pico/pico-sdk/lib/lwip/src/core/netif.c.obj
                0x0000000010003700                netif_set_default
 .text.netif_set_up
                0x000000001000370c       0x40 CMakeFiles/picow_connection.dir/home/skarv/pico/pico-sdk/lib/lwip/src/core/netif.c.obj
                0x000000001000370c                netif_set_up
 .text.netif_set_link_up
                0x000000001000374c       0x44 CMakeFiles/picow_connection.dir/home/skarv/pico/pico-sdk/lib/lwip/src/core/netif.c.obj
                0x000000001000374c                netif_set_link_up
 .text.netif_set_link_down
                0x0000000010003790       0x20 CMakeFiles/picow_connection.dir/home/skarv/pico/pico-sdk/lib/lwip/src/core/netif.c.obj
                0x0000000010003790                netif_set_link_down
 .text.netif_get_by_index
                0x00000000100037b0       0x2c CMakeFiles/picow_connection.dir/home/skarv/pico/pico-sdk/lib/lwip/src/core/netif.c.obj
                0x00000000100037b0                netif_get_by_index
 .text.pbuf_free.part.0
                0x00000000100037dc       0x7c CMakeFiles/picow_connection.dir/home/skarv/pico/pico-sdk/lib/lwip/src/core/pbuf.c.obj
 .text.pbuf_free_ooseq
                0x0000000010003858       0x34 CMakeFiles/picow_connection.dir/home/skarv/pico/pico-sdk/lib/lwip/src/core/pbuf.c.obj
                0x0000000010003858                pbuf_free_ooseq
 .text.pbuf_alloc
                0x000000001000388c      0x130 CMakeFiles/picow_connection.dir/home/skarv/pico/pico-sdk/lib/lwip/src/core/pbuf.c.obj
                0x000000001000388c                pbuf_alloc
 .text.pbuf_realloc
                0x00000000100039bc       0x88 CMakeFiles/picow_connection.dir/home/skarv/pico/pico-sdk/lib/lwip/src/core/pbuf.c.obj
                0x00000000100039bc                pbuf_realloc
 .text.pbuf_add_header
                0x0000000010003a44       0x54 CMakeFiles/picow_connection.dir/home/skarv/pico/pico-sdk/lib/lwip/src/core/pbuf.c.obj
                0x0000000010003a44                pbuf_add_header
 .text.pbuf_remove_header
                0x0000000010003a98       0x44 CMakeFiles/picow_connection.dir/home/skarv/pico/pico-sdk/lib/lwip/src/core/pbuf.c.obj
                0x0000000010003a98                pbuf_remove_header
 .text.pbuf_header_force
                0x0000000010003adc       0x74 CMakeFiles/picow_connection.dir/home/skarv/pico/pico-sdk/lib/lwip/src/core/pbuf.c.obj
                0x0000000010003adc                pbuf_header_force
 .text.pbuf_free
                0x0000000010003b50       0x18 CMakeFiles/picow_connection.dir/home/skarv/pico/pico-sdk/lib/lwip/src/core/pbuf.c.obj
                0x0000000010003b50                pbuf_free
 .text.pbuf_clen
                0x0000000010003b68       0x14 CMakeFiles/picow_connection.dir/home/skarv/pico/pico-sdk/lib/lwip/src/core/pbuf.c.obj
                0x0000000010003b68                pbuf_clen
 .text.pbuf_ref
                0x0000000010003b7c       0x28 CMakeFiles/picow_connection.dir/home/skarv/pico/pico-sdk/lib/lwip/src/core/pbuf.c.obj
                0x0000000010003b7c                pbuf_ref
 .text.pbuf_cat
                0x0000000010003ba4       0x3c CMakeFiles/picow_connection.dir/home/skarv/pico/pico-sdk/lib/lwip/src/core/pbuf.c.obj
                0x0000000010003ba4                pbuf_cat
 .text.pbuf_chain
                0x0000000010003be0       0x64 CMakeFiles/picow_connection.dir/home/skarv/pico/pico-sdk/lib/lwip/src/core/pbuf.c.obj
                0x0000000010003be0                pbuf_chain
 .text.pbuf_copy_partial_pbuf
                0x0000000010003c44      0x13c CMakeFiles/picow_connection.dir/home/skarv/pico/pico-sdk/lib/lwip/src/core/pbuf.c.obj
                0x0000000010003c44                pbuf_copy_partial_pbuf
 .text.pbuf_copy
                0x0000000010003d80       0x18 CMakeFiles/picow_connection.dir/home/skarv/pico/pico-sdk/lib/lwip/src/core/pbuf.c.obj
                0x0000000010003d80                pbuf_copy
 .text.pbuf_copy_partial
                0x0000000010003d98       0x78 CMakeFiles/picow_connection.dir/home/skarv/pico/pico-sdk/lib/lwip/src/core/pbuf.c.obj
                0x0000000010003d98                pbuf_copy_partial
 .text.pbuf_take
                0x0000000010003e10       0x78 CMakeFiles/picow_connection.dir/home/skarv/pico/pico-sdk/lib/lwip/src/core/pbuf.c.obj
                0x0000000010003e10                pbuf_take
 .text.pbuf_take_at
                0x0000000010003e88       0xc0 CMakeFiles/picow_connection.dir/home/skarv/pico/pico-sdk/lib/lwip/src/core/pbuf.c.obj
                0x0000000010003e88                pbuf_take_at
 .text.pbuf_clone
                0x0000000010003f48       0x30 CMakeFiles/picow_connection.dir/home/skarv/pico/pico-sdk/lib/lwip/src/core/pbuf.c.obj
                0x0000000010003f48                pbuf_clone
 .text.pbuf_put_at
                0x0000000010003f78       0x1c CMakeFiles/picow_connection.dir/home/skarv/pico/pico-sdk/lib/lwip/src/core/pbuf.c.obj
                0x0000000010003f78                pbuf_put_at
 .text.raw_input
                0x0000000010003f94      0x15c CMakeFiles/picow_connection.dir/home/skarv/pico/pico-sdk/lib/lwip/src/core/raw.c.obj
                0x0000000010003f94                raw_input
 .text.raw_netif_ip_addr_changed
                0x00000000100040f0       0x40 CMakeFiles/picow_connection.dir/home/skarv/pico/pico-sdk/lib/lwip/src/core/raw.c.obj
                0x00000000100040f0                raw_netif_ip_addr_changed
 .text.stats_init
                0x0000000010004130        0x4 CMakeFiles/picow_connection.dir/home/skarv/pico/pico-sdk/lib/lwip/src/core/stats.c.obj
                0x0000000010004130                stats_init
 .text.tcp_close_shutdown_fin
                0x0000000010004134       0x58 CMakeFiles/picow_connection.dir/home/skarv/pico/pico-sdk/lib/lwip/src/core/tcp.c.obj
 .text.tcp_pcb_purge.part.0
                0x000000001000418c       0xc4 CMakeFiles/picow_connection.dir/home/skarv/pico/pico-sdk/lib/lwip/src/core/tcp.c.obj
 .text.tcp_init
                0x0000000010004250       0x20 CMakeFiles/picow_connection.dir/home/skarv/pico/pico-sdk/lib/lwip/src/core/tcp.c.obj
                0x0000000010004250                tcp_init
 .text.tcp_free
                0x0000000010004270       0x1c CMakeFiles/picow_connection.dir/home/skarv/pico/pico-sdk/lib/lwip/src/core/tcp.c.obj
                0x0000000010004270                tcp_free
 .text.tcp_update_rcv_ann_wnd
                0x000000001000428c       0x60 CMakeFiles/picow_connection.dir/home/skarv/pico/pico-sdk/lib/lwip/src/core/tcp.c.obj
                0x000000001000428c                tcp_update_rcv_ann_wnd
 .text.tcp_recved
                0x00000000100042ec       0x98 CMakeFiles/picow_connection.dir/home/skarv/pico/pico-sdk/lib/lwip/src/core/tcp.c.obj
                0x00000000100042ec                tcp_recved
 .text.tcp_slowtmr
                0x0000000010004384      0x4dc CMakeFiles/picow_connection.dir/home/skarv/pico/pico-sdk/lib/lwip/src/core/tcp.c.obj
                0x0000000010004384                tcp_slowtmr
 .text.tcp_segs_free
                0x0000000010004860       0x38 CMakeFiles/picow_connection.dir/home/skarv/pico/pico-sdk/lib/lwip/src/core/tcp.c.obj
                0x0000000010004860                tcp_segs_free
 .text.tcp_seg_free
                0x0000000010004898       0x1c CMakeFiles/picow_connection.dir/home/skarv/pico/pico-sdk/lib/lwip/src/core/tcp.c.obj
                0x0000000010004898                tcp_seg_free
 .text.tcp_seg_copy
                0x00000000100048b4       0x2c CMakeFiles/picow_connection.dir/home/skarv/pico/pico-sdk/lib/lwip/src/core/tcp.c.obj
                0x00000000100048b4                tcp_seg_copy
 .text.tcp_pcb_purge
                0x00000000100048e0       0x18 CMakeFiles/picow_connection.dir/home/skarv/pico/pico-sdk/lib/lwip/src/core/tcp.c.obj
                0x00000000100048e0                tcp_pcb_purge
 .text.tcp_pcb_remove
                0x00000000100048f8       0xc8 CMakeFiles/picow_connection.dir/home/skarv/pico/pico-sdk/lib/lwip/src/core/tcp.c.obj
                0x00000000100048f8                tcp_pcb_remove
 .text.tcp_abandon
                0x00000000100049c0      0x1ac CMakeFiles/picow_connection.dir/home/skarv/pico/pico-sdk/lib/lwip/src/core/tcp.c.obj
                0x00000000100049c0                tcp_abandon
 .text.tcp_abort
                0x0000000010004b6c        0xc CMakeFiles/picow_connection.dir/home/skarv/pico/pico-sdk/lib/lwip/src/core/tcp.c.obj
                0x0000000010004b6c                tcp_abort
 .text.tcp_alloc
                0x0000000010004b78      0x1cc CMakeFiles/picow_connection.dir/home/skarv/pico/pico-sdk/lib/lwip/src/core/tcp.c.obj
                0x0000000010004b78                tcp_alloc
 .text.tcp_close_shutdown
                0x0000000010004d44      0x18c CMakeFiles/picow_connection.dir/home/skarv/pico/pico-sdk/lib/lwip/src/core/tcp.c.obj
 .text.tcp_recv_null
                0x0000000010004ed0       0xd4 CMakeFiles/picow_connection.dir/home/skarv/pico/pico-sdk/lib/lwip/src/core/tcp.c.obj
                0x0000000010004ed0                tcp_recv_null
 .text.tcp_process_refused_data
                0x0000000010004fa4       0x78 CMakeFiles/picow_connection.dir/home/skarv/pico/pico-sdk/lib/lwip/src/core/tcp.c.obj
                0x0000000010004fa4                tcp_process_refused_data
 .text.tcp_fasttmr
                0x000000001000501c       0x98 CMakeFiles/picow_connection.dir/home/skarv/pico/pico-sdk/lib/lwip/src/core/tcp.c.obj
                0x000000001000501c                tcp_fasttmr
 .text.tcp_tmr  0x00000000100050b4       0x20 CMakeFiles/picow_connection.dir/home/skarv/pico/pico-sdk/lib/lwip/src/core/tcp.c.obj
                0x00000000100050b4                tcp_tmr
 .text.tcp_next_iss
                0x00000000100050d4       0x28 CMakeFiles/picow_connection.dir/home/skarv/pico/pico-sdk/lib/lwip/src/core/tcp.c.obj
                0x00000000100050d4                tcp_next_iss
 .text.tcp_eff_send_mss_netif
                0x00000000100050fc       0x38 CMakeFiles/picow_connection.dir/home/skarv/pico/pico-sdk/lib/lwip/src/core/tcp.c.obj
                0x00000000100050fc                tcp_eff_send_mss_netif
 .text.tcp_netif_ip_addr_changed
                0x0000000010005134       0x9c CMakeFiles/picow_connection.dir/home/skarv/pico/pico-sdk/lib/lwip/src/core/tcp.c.obj
                0x0000000010005134                tcp_netif_ip_addr_changed
 .text.tcp_free_ooseq
                0x00000000100051d0       0x40 CMakeFiles/picow_connection.dir/home/skarv/pico/pico-sdk/lib/lwip/src/core/tcp.c.obj
                0x00000000100051d0                tcp_free_ooseq
 .text.tcp_parseopt
                0x0000000010005210      0x190 CMakeFiles/picow_connection.dir/home/skarv/pico/pico-sdk/lib/lwip/src/core/tcp_in.c.obj
 .text.tcp_oos_insert_segment
                0x00000000100053a0       0xd8 CMakeFiles/picow_connection.dir/home/skarv/pico/pico-sdk/lib/lwip/src/core/tcp_in.c.obj
 .text.tcp_free_acked_segments.isra.0
                0x0000000010005478       0xd8 CMakeFiles/picow_connection.dir/home/skarv/pico/pico-sdk/lib/lwip/src/core/tcp_in.c.obj
 .text.tcp_receive
                0x0000000010005550      0xa5c CMakeFiles/picow_connection.dir/home/skarv/pico/pico-sdk/lib/lwip/src/core/tcp_in.c.obj
 .text.tcp_input
                0x0000000010005fac      0xda4 CMakeFiles/picow_connection.dir/home/skarv/pico/pico-sdk/lib/lwip/src/core/tcp_in.c.obj
                0x0000000010005fac                tcp_input
 .text.tcp_trigger_input_pcb_close
                0x0000000010006d50       0x10 CMakeFiles/picow_connection.dir/home/skarv/pico/pico-sdk/lib/lwip/src/core/tcp_in.c.obj
                0x0000000010006d50                tcp_trigger_input_pcb_close
 .text.tcp_create_segment
                0x0000000010006d60       0xf8 CMakeFiles/picow_connection.dir/home/skarv/pico/pico-sdk/lib/lwip/src/core/tcp_out.c.obj
 .text.tcp_output_control_segment
                0x0000000010006e58       0xc0 CMakeFiles/picow_connection.dir/home/skarv/pico/pico-sdk/lib/lwip/src/core/tcp_out.c.obj
 .text.tcp_output_alloc_header.constprop.0
                0x0000000010006f18       0xcc CMakeFiles/picow_connection.dir/home/skarv/pico/pico-sdk/lib/lwip/src/core/tcp_out.c.obj
 .text.tcp_split_unsent_seg
                0x0000000010006fe4      0x1d4 CMakeFiles/picow_connection.dir/home/skarv/pico/pico-sdk/lib/lwip/src/core/tcp_out.c.obj
                0x0000000010006fe4                tcp_split_unsent_seg
 .text.tcp_send_fin
                0x00000000100071b8      0x130 CMakeFiles/picow_connection.dir/home/skarv/pico/pico-sdk/lib/lwip/src/core/tcp_out.c.obj
                0x00000000100071b8                tcp_send_fin
 .text.tcp_enqueue_flags
                0x00000000100072e8      0x124 CMakeFiles/picow_connection.dir/home/skarv/pico/pico-sdk/lib/lwip/src/core/tcp_out.c.obj
                0x00000000100072e8                tcp_enqueue_flags
 .text.tcp_rexmit_rto_prepare
                0x000000001000740c       0x9c CMakeFiles/picow_connection.dir/home/skarv/pico/pico-sdk/lib/lwip/src/core/tcp_out.c.obj
                0x000000001000740c                tcp_rexmit_rto_prepare
 .text.tcp_rexmit
                0x00000000100074a8       0x9c CMakeFiles/picow_connection.dir/home/skarv/pico/pico-sdk/lib/lwip/src/core/tcp_out.c.obj
                0x00000000100074a8                tcp_rexmit
 .text.tcp_rexmit_fast
                0x0000000010007544       0x64 CMakeFiles/picow_connection.dir/home/skarv/pico/pico-sdk/lib/lwip/src/core/tcp_out.c.obj
                0x0000000010007544                tcp_rexmit_fast
 .text.tcp_rst  0x00000000100075a8       0xe8 CMakeFiles/picow_connection.dir/home/skarv/pico/pico-sdk/lib/lwip/src/core/tcp_out.c.obj
                0x00000000100075a8                tcp_rst
 .text.tcp_rst_netif
                0x0000000010007690      0x130 CMakeFiles/picow_connection.dir/home/skarv/pico/pico-sdk/lib/lwip/src/core/tcp_out.c.obj
                0x0000000010007690                tcp_rst_netif
 .text.tcp_send_empty_ack
                0x00000000100077c0       0x54 CMakeFiles/picow_connection.dir/home/skarv/pico/pico-sdk/lib/lwip/src/core/tcp_out.c.obj
                0x00000000100077c0                tcp_send_empty_ack
 .text.tcp_output
                0x0000000010007814      0x470 CMakeFiles/picow_connection.dir/home/skarv/pico/pico-sdk/lib/lwip/src/core/tcp_out.c.obj
                0x0000000010007814                tcp_output
 .text.tcp_rexmit_rto_commit
                0x0000000010007c84       0x24 CMakeFiles/picow_connection.dir/home/skarv/pico/pico-sdk/lib/lwip/src/core/tcp_out.c.obj
                0x0000000010007c84                tcp_rexmit_rto_commit
 .text.tcp_rexmit_rto
                0x0000000010007ca8       0x9c CMakeFiles/picow_connection.dir/home/skarv/pico/pico-sdk/lib/lwip/src/core/tcp_out.c.obj
                0x0000000010007ca8                tcp_rexmit_rto
 .text.tcp_keepalive
                0x0000000010007d44       0xe0 CMakeFiles/picow_connection.dir/home/skarv/pico/pico-sdk/lib/lwip/src/core/tcp_out.c.obj
                0x0000000010007d44                tcp_keepalive
 .text.tcp_zero_window_probe
                0x0000000010007e24      0x108 CMakeFiles/picow_connection.dir/home/skarv/pico/pico-sdk/lib/lwip/src/core/tcp_out.c.obj
                0x0000000010007e24                tcp_zero_window_probe
 .text.sys_timeout_abs
                0x0000000010007f2c       0x48 CMakeFiles/picow_connection.dir/home/skarv/pico/pico-sdk/lib/lwip/src/core/timeouts.c.obj
 .text.lwip_cyclic_timer
                0x0000000010007f74       0x38 CMakeFiles/picow_connection.dir/home/skarv/pico/pico-sdk/lib/lwip/src/core/timeouts.c.obj
 .text.tcpip_tcp_timer
                0x0000000010007fac       0x3c CMakeFiles/picow_connection.dir/home/skarv/pico/pico-sdk/lib/lwip/src/core/timeouts.c.obj
 .text.tcp_timer_needed
                0x0000000010007fe8       0x40 CMakeFiles/picow_connection.dir/home/skarv/pico/pico-sdk/lib/lwip/src/core/timeouts.c.obj
                0x0000000010007fe8                tcp_timer_needed
 .text.sys_timeouts_init
                0x0000000010008028       0x90 CMakeFiles/picow_connection.dir/home/skarv/pico/pico-sdk/lib/lwip/src/core/timeouts.c.obj
                0x0000000010008028                sys_timeouts_init
 .text.sys_check_timeouts
                0x00000000100080b8       0x68 CMakeFiles/picow_connection.dir/home/skarv/pico/pico-sdk/lib/lwip/src/core/timeouts.c.obj
                0x00000000100080b8                sys_check_timeouts
 .text.sys_timeouts_sleeptime
                0x0000000010008120       0x28 CMakeFiles/picow_connection.dir/home/skarv/pico/pico-sdk/lib/lwip/src/core/timeouts.c.obj
                0x0000000010008120                sys_timeouts_sleeptime
 .text.udp_init
                0x0000000010008148       0x20 CMakeFiles/picow_connection.dir/home/skarv/pico/pico-sdk/lib/lwip/src/core/udp.c.obj
                0x0000000010008148                udp_init
 .text.udp_input
                0x0000000010008168      0x244 CMakeFiles/picow_connection.dir/home/skarv/pico/pico-sdk/lib/lwip/src/core/udp.c.obj
                0x0000000010008168                udp_input
 .text.udp_bind
                0x00000000100083ac      0x10c CMakeFiles/picow_connection.dir/home/skarv/pico/pico-sdk/lib/lwip/src/core/udp.c.obj
                0x00000000100083ac                udp_bind
 .text.udp_sendto_if_src
                0x00000000100084b8      0x130 CMakeFiles/picow_connection.dir/home/skarv/pico/pico-sdk/lib/lwip/src/core/udp.c.obj
                0x00000000100084b8                udp_sendto_if_src
 .text.udp_sendto_if
                0x00000000100085e8       0x48 CMakeFiles/picow_connection.dir/home/skarv/pico/pico-sdk/lib/lwip/src/core/udp.c.obj
                0x00000000100085e8                udp_sendto_if
 .text.udp_sendto
                0x0000000010008630       0x7c CMakeFiles/picow_connection.dir/home/skarv/pico/pico-sdk/lib/lwip/src/core/udp.c.obj
                0x0000000010008630                udp_sendto
 .text.udp_connect
                0x00000000100086ac       0x64 CMakeFiles/picow_connection.dir/home/skarv/pico/pico-sdk/lib/lwip/src/core/udp.c.obj
                0x00000000100086ac                udp_connect
 .text.udp_recv
                0x0000000010008710        0xc CMakeFiles/picow_connection.dir/home/skarv/pico/pico-sdk/lib/lwip/src/core/udp.c.obj
                0x0000000010008710                udp_recv
 .text.udp_remove
                0x000000001000871c       0x3c CMakeFiles/picow_connection.dir/home/skarv/pico/pico-sdk/lib/lwip/src/core/udp.c.obj
                0x000000001000871c                udp_remove
 .text.udp_new  0x0000000010008758       0x1c CMakeFiles/picow_connection.dir/home/skarv/pico/pico-sdk/lib/lwip/src/core/udp.c.obj
                0x0000000010008758                udp_new
 .text.udp_netif_ip_addr_changed
                0x0000000010008774       0x40 CMakeFiles/picow_connection.dir/home/skarv/pico/pico-sdk/lib/lwip/src/core/udp.c.obj
                0x0000000010008774                udp_netif_ip_addr_changed
 .text.dhcp_create_msg
                0x00000000100087b4      0x16c CMakeFiles/picow_connection.dir/home/skarv/pico/pico-sdk/lib/lwip/src/core/ipv4/dhcp.c.obj
 .text.dhcp_inc_pcb_refcount
                0x0000000010008920       0x6c CMakeFiles/picow_connection.dir/home/skarv/pico/pico-sdk/lib/lwip/src/core/ipv4/dhcp.c.obj
 .text.dhcp_bind
                0x000000001000898c      0x140 CMakeFiles/picow_connection.dir/home/skarv/pico/pico-sdk/lib/lwip/src/core/ipv4/dhcp.c.obj
 .text.dhcp_option_hostname.isra.0
                0x0000000010008acc       0x88 CMakeFiles/picow_connection.dir/home/skarv/pico/pico-sdk/lib/lwip/src/core/ipv4/dhcp.c.obj
 .text.dhcp_handle_ack.isra.0
                0x0000000010008b54       0xcc CMakeFiles/picow_connection.dir/home/skarv/pico/pico-sdk/lib/lwip/src/core/ipv4/dhcp.c.obj
 .text.dhcp_reboot
                0x0000000010008c20      0x1f0 CMakeFiles/picow_connection.dir/home/skarv/pico/pico-sdk/lib/lwip/src/core/ipv4/dhcp.c.obj
 .text.dhcp_discover
                0x0000000010008e10      0x198 CMakeFiles/picow_connection.dir/home/skarv/pico/pico-sdk/lib/lwip/src/core/ipv4/dhcp.c.obj
 .text.dhcp_select
                0x0000000010008fa8      0x280 CMakeFiles/picow_connection.dir/home/skarv/pico/pico-sdk/lib/lwip/src/core/ipv4/dhcp.c.obj
 .text.dhcp_recv
                0x0000000010009228      0x498 CMakeFiles/picow_connection.dir/home/skarv/pico/pico-sdk/lib/lwip/src/core/ipv4/dhcp.c.obj
 .text.dhcp_set_struct
                0x00000000100096c0       0x44 CMakeFiles/picow_connection.dir/home/skarv/pico/pico-sdk/lib/lwip/src/core/ipv4/dhcp.c.obj
                0x00000000100096c0                dhcp_set_struct
 .text.dhcp_network_changed_link_up
                0x0000000010009704       0x40 CMakeFiles/picow_connection.dir/home/skarv/pico/pico-sdk/lib/lwip/src/core/ipv4/dhcp.c.obj
                0x0000000010009704                dhcp_network_changed_link_up
 .text.dhcp_renew
                0x0000000010009744      0x1b8 CMakeFiles/picow_connection.dir/home/skarv/pico/pico-sdk/lib/lwip/src/core/ipv4/dhcp.c.obj
                0x0000000010009744                dhcp_renew
 .text.dhcp_release_and_stop
                0x00000000100098fc      0x184 CMakeFiles/picow_connection.dir/home/skarv/pico/pico-sdk/lib/lwip/src/core/ipv4/dhcp.c.obj
                0x00000000100098fc                dhcp_release_and_stop
 .text.dhcp_start
                0x0000000010009a80       0xb0 CMakeFiles/picow_connection.dir/home/skarv/pico/pico-sdk/lib/lwip/src/core/ipv4/dhcp.c.obj
                0x0000000010009a80                dhcp_start
 .text.dhcp_coarse_tmr
                0x0000000010009b30      0x23c CMakeFiles/picow_connection.dir/home/skarv/pico/pico-sdk/lib/lwip/src/core/ipv4/dhcp.c.obj
                0x0000000010009b30                dhcp_coarse_tmr
 .text.dhcp_fine_tmr
                0x0000000010009d6c       0x78 CMakeFiles/picow_connection.dir/home/skarv/pico/pico-sdk/lib/lwip/src/core/ipv4/dhcp.c.obj
                0x0000000010009d6c                dhcp_fine_tmr
 .text.dhcp_stop
                0x0000000010009de4      0x184 CMakeFiles/picow_connection.dir/home/skarv/pico/pico-sdk/lib/lwip/src/core/ipv4/dhcp.c.obj
                0x0000000010009de4                dhcp_stop
 .text.etharp_find_entry
                0x0000000010009f68     0x1350 CMakeFiles/picow_connection.dir/home/skarv/pico/pico-sdk/lib/lwip/src/core/ipv4/etharp.c.obj
 .text.etharp_raw
                0x000000001000b2b8       0xf4 CMakeFiles/picow_connection.dir/home/skarv/pico/pico-sdk/lib/lwip/src/core/ipv4/etharp.c.obj
 .text.etharp_output_to_arp_index
                0x000000001000b3ac       0xe4 CMakeFiles/picow_connection.dir/home/skarv/pico/pico-sdk/lib/lwip/src/core/ipv4/etharp.c.obj
 .text.etharp_tmr
                0x000000001000b490       0xa0 CMakeFiles/picow_connection.dir/home/skarv/pico/pico-sdk/lib/lwip/src/core/ipv4/etharp.c.obj
                0x000000001000b490                etharp_tmr
 .text.etharp_cleanup_netif
                0x000000001000b530      0x1dc CMakeFiles/picow_connection.dir/home/skarv/pico/pico-sdk/lib/lwip/src/core/ipv4/etharp.c.obj
                0x000000001000b530                etharp_cleanup_netif
 .text.etharp_input
                0x000000001000b70c      0x1b0 CMakeFiles/picow_connection.dir/home/skarv/pico/pico-sdk/lib/lwip/src/core/ipv4/etharp.c.obj
                0x000000001000b70c                etharp_input
 .text.etharp_query
                0x000000001000b8bc      0x1c0 CMakeFiles/picow_connection.dir/home/skarv/pico/pico-sdk/lib/lwip/src/core/ipv4/etharp.c.obj
                0x000000001000b8bc                etharp_query
 .text.etharp_output
                0x000000001000ba7c      0x248 CMakeFiles/picow_connection.dir/home/skarv/pico/pico-sdk/lib/lwip/src/core/ipv4/etharp.c.obj
                0x000000001000ba7c                etharp_output
 .text.etharp_request
                0x000000001000bcc4       0x2c CMakeFiles/picow_connection.dir/home/skarv/pico/pico-sdk/lib/lwip/src/core/ipv4/etharp.c.obj
                0x000000001000bcc4                etharp_request
 .text.icmp_input
                0x000000001000bcf0      0x1fc CMakeFiles/picow_connection.dir/home/skarv/pico/pico-sdk/lib/lwip/src/core/ipv4/icmp.c.obj
                0x000000001000bcf0                icmp_input
 .text.icmp_dest_unreach
                0x000000001000beec       0xd4 CMakeFiles/picow_connection.dir/home/skarv/pico/pico-sdk/lib/lwip/src/core/ipv4/icmp.c.obj
                0x000000001000beec                icmp_dest_unreach
 .text.icmp_time_exceeded
                0x000000001000bfc0       0xd4 CMakeFiles/picow_connection.dir/home/skarv/pico/pico-sdk/lib/lwip/src/core/ipv4/icmp.c.obj
                0x000000001000bfc0                icmp_time_exceeded
 .text.ip_reass_free_complete_datagram
                0x000000001000c094      0x114 CMakeFiles/picow_connection.dir/home/skarv/pico/pico-sdk/lib/lwip/src/core/ipv4/ip4_frag.c.obj
 .text.ip_reass_remove_oldest_datagram
                0x000000001000c1a8       0xd8 CMakeFiles/picow_connection.dir/home/skarv/pico/pico-sdk/lib/lwip/src/core/ipv4/ip4_frag.c.obj
 .text.ip_reass_tmr
                0x000000001000c280       0x38 CMakeFiles/picow_connection.dir/home/skarv/pico/pico-sdk/lib/lwip/src/core/ipv4/ip4_frag.c.obj
                0x000000001000c280                ip_reass_tmr
 .text.ip4_reass
                0x000000001000c2b8      0x548 CMakeFiles/picow_connection.dir/home/skarv/pico/pico-sdk/lib/lwip/src/core/ipv4/ip4_frag.c.obj
                0x000000001000c2b8                ip4_reass
 .text.ip4_frag
                0x000000001000c800      0x17c CMakeFiles/picow_connection.dir/home/skarv/pico/pico-sdk/lib/lwip/src/core/ipv4/ip4_frag.c.obj
                0x000000001000c800                ip4_frag
 .text.ip4_route
                0x000000001000c97c       0x7c CMakeFiles/picow_connection.dir/home/skarv/pico/pico-sdk/lib/lwip/src/core/ipv4/ip4.c.obj
                0x000000001000c97c                ip4_route
 .text.ip4_input
                0x000000001000c9f8      0x2cc CMakeFiles/picow_connection.dir/home/skarv/pico/pico-sdk/lib/lwip/src/core/ipv4/ip4.c.obj
                0x000000001000c9f8                ip4_input
 .text.ip4_output_if
                0x000000001000ccc4      0x18c CMakeFiles/picow_connection.dir/home/skarv/pico/pico-sdk/lib/lwip/src/core/ipv4/ip4.c.obj
                0x000000001000ccc4                ip4_output_if
 .text.ip4_output_if_src
                0x000000001000ce50      0x17c CMakeFiles/picow_connection.dir/home/skarv/pico/pico-sdk/lib/lwip/src/core/ipv4/ip4.c.obj
                0x000000001000ce50                ip4_output_if_src
 .text.ip4_addr_isbroadcast_u32
                0x000000001000cfcc       0x3c CMakeFiles/picow_connection.dir/home/skarv/pico/pico-sdk/lib/lwip/src/core/ipv4/ip4_addr.c.obj
                0x000000001000cfcc                ip4_addr_isbroadcast_u32
 .text.ip4addr_ntoa
                0x000000001000d008       0xd8 CMakeFiles/picow_connection.dir/home/skarv/pico/pico-sdk/lib/lwip/src/core/ipv4/ip4_addr.c.obj
                0x000000001000d008                ip4addr_ntoa
 .text.ethernet_input
                0x000000001000d0e0       0xd0 CMakeFiles/picow_connection.dir/home/skarv/pico/pico-sdk/lib/lwip/src/netif/ethernet.c.obj
                0x000000001000d0e0                ethernet_input
 .text.ethernet_output
                0x000000001000d1b0       0x6c CMakeFiles/picow_connection.dir/home/skarv/pico/pico-sdk/lib/lwip/src/netif/ethernet.c.obj
                0x000000001000d1b0                ethernet_output
 .text.cyw43_arch_wifi_connect_bssid_until.part.0
                0x000000001000d21c       0xd4 CMakeFiles/picow_connection.dir/home/skarv/pico/pico-sdk/src/rp2_common/pico_cyw43_arch/cyw43_arch.c.obj
 .text.cyw43_arch_set_async_context
                0x000000001000d2f0        0xc CMakeFiles/picow_connection.dir/home/skarv/pico/pico-sdk/src/rp2_common/pico_cyw43_arch/cyw43_arch.c.obj
                0x000000001000d2f0                cyw43_arch_set_async_context
 .text.cyw43_arch_enable_sta_mode
                0x000000001000d2fc       0x1c CMakeFiles/picow_connection.dir/home/skarv/pico/pico-sdk/src/rp2_common/pico_cyw43_arch/cyw43_arch.c.obj
                0x000000001000d2fc                cyw43_arch_enable_sta_mode
 .text.cyw43_arch_wifi_connect_timeout_ms
                0x000000001000d318       0x9c CMakeFiles/picow_connection.dir/home/skarv/pico/pico-sdk/src/rp2_common/pico_cyw43_arch/cyw43_arch.c.obj
                0x000000001000d318                cyw43_arch_wifi_connect_timeout_ms
 .text.cyw43_arch_init_with_country
                0x000000001000d3b4       0x10 CMakeFiles/picow_connection.dir/home/skarv/pico/pico-sdk/src/rp2_common/pico_cyw43_arch/cyw43_arch.c.obj
                0x000000001000d3b4                cyw43_arch_init_with_country
 .text.cyw43_arch_async_context
                0x000000001000d3c4        0xc CMakeFiles/picow_connection.dir/home/skarv/pico/pico-sdk/src/rp2_common/pico_cyw43_arch/cyw43_arch.c.obj
                0x000000001000d3c4                cyw43_arch_async_context
 .text.cyw43_arch_init
                0x000000001000d3d0       0x80 CMakeFiles/picow_connection.dir/home/skarv/pico/pico-sdk/src/rp2_common/pico_cyw43_arch/cyw43_arch_threadsafe_background.c.obj
                0x000000001000d3d0                cyw43_arch_init
 .text.ns_delay.constprop.0
                0x000000001000d450       0x20 CMakeFiles/picow_connection.dir/home/skarv/pico/pico-sdk/src/rp2_common/pico_cyw43_driver/cyw43_bus_pio_spi.c.obj
 .text.cyw43_spi_init
                0x000000001000d470      0x1c0 CMakeFiles/picow_connection.dir/home/skarv/pico/pico-sdk/src/rp2_common/pico_cyw43_driver/cyw43_bus_pio_spi.c.obj
                0x000000001000d470                cyw43_spi_init
 .text.cyw43_spi_deinit
                0x000000001000d630       0x6c CMakeFiles/picow_connection.dir/home/skarv/pico/pico-sdk/src/rp2_common/pico_cyw43_driver/cyw43_bus_pio_spi.c.obj
                0x000000001000d630                cyw43_spi_deinit
 .text.cyw43_spi_transfer
                0x000000001000d69c      0x408 CMakeFiles/picow_connection.dir/home/skarv/pico/pico-sdk/src/rp2_common/pico_cyw43_driver/cyw43_bus_pio_spi.c.obj
                0x000000001000d69c                cyw43_spi_transfer
 .text.cyw43_spi_gpio_setup
                0x000000001000daa4       0x3c CMakeFiles/picow_connection.dir/home/skarv/pico/pico-sdk/src/rp2_common/pico_cyw43_driver/cyw43_bus_pio_spi.c.obj
                0x000000001000daa4                cyw43_spi_gpio_setup
 .text.cyw43_spi_reset
                0x000000001000dae0       0x28 CMakeFiles/picow_connection.dir/home/skarv/pico/pico-sdk/src/rp2_common/pico_cyw43_driver/cyw43_bus_pio_spi.c.obj
                0x000000001000dae0                cyw43_spi_reset
 .text.read_reg_u32_swap
                0x000000001000db08       0x3c CMakeFiles/picow_connection.dir/home/skarv/pico/pico-sdk/src/rp2_common/pico_cyw43_driver/cyw43_bus_pio_spi.c.obj
                0x000000001000db08                read_reg_u32_swap
 .text.cyw43_read_reg_u32
                0x000000001000db44       0x68 CMakeFiles/picow_connection.dir/home/skarv/pico/pico-sdk/src/rp2_common/pico_cyw43_driver/cyw43_bus_pio_spi.c.obj
                0x000000001000db44                cyw43_read_reg_u32
 .text.cyw43_read_reg_u16
                0x000000001000dbac       0x68 CMakeFiles/picow_connection.dir/home/skarv/pico/pico-sdk/src/rp2_common/pico_cyw43_driver/cyw43_bus_pio_spi.c.obj
                0x000000001000dbac                cyw43_read_reg_u16
 .text.cyw43_read_reg_u8
                0x000000001000dc14       0x68 CMakeFiles/picow_connection.dir/home/skarv/pico/pico-sdk/src/rp2_common/pico_cyw43_driver/cyw43_bus_pio_spi.c.obj
                0x000000001000dc14                cyw43_read_reg_u8
 .text.write_reg_u32_swap
                0x000000001000dc7c      0x1f8 CMakeFiles/picow_connection.dir/home/skarv/pico/pico-sdk/src/rp2_common/pico_cyw43_driver/cyw43_bus_pio_spi.c.obj
                0x000000001000dc7c                write_reg_u32_swap
 .text.cyw43_write_reg_u32
                0x000000001000de74      0x21c CMakeFiles/picow_connection.dir/home/skarv/pico/pico-sdk/src/rp2_common/pico_cyw43_driver/cyw43_bus_pio_spi.c.obj
                0x000000001000de74                cyw43_write_reg_u32
 .text.cyw43_write_reg_u16
                0x000000001000e090      0x21c CMakeFiles/picow_connection.dir/home/skarv/pico/pico-sdk/src/rp2_common/pico_cyw43_driver/cyw43_bus_pio_spi.c.obj
                0x000000001000e090                cyw43_write_reg_u16
 .text.cyw43_write_reg_u8
                0x000000001000e2ac      0x21c CMakeFiles/picow_connection.dir/home/skarv/pico/pico-sdk/src/rp2_common/pico_cyw43_driver/cyw43_bus_pio_spi.c.obj
                0x000000001000e2ac                cyw43_write_reg_u8
 .text.cyw43_read_bytes
                0x000000001000e4c8       0x8c CMakeFiles/picow_connection.dir/home/skarv/pico/pico-sdk/src/rp2_common/pico_cyw43_driver/cyw43_bus_pio_spi.c.obj
                0x000000001000e4c8                cyw43_read_bytes
 .text.cyw43_write_bytes
                0x000000001000e554       0xd8 CMakeFiles/picow_connection.dir/home/skarv/pico/pico-sdk/src/rp2_common/pico_cyw43_driver/cyw43_bus_pio_spi.c.obj
                0x000000001000e554                cyw43_write_bytes
 .text.cyw43_set_backplane_window
                0x000000001000e62c       0x64 CMakeFiles/picow_connection.dir/home/skarv/pico/pico-sdk/lib/cyw43-driver/src/cyw43_ll.c.obj
 .text.cyw43_ll_parse_async_event
                0x000000001000e690      0x158 CMakeFiles/picow_connection.dir/home/skarv/pico/pico-sdk/lib/cyw43-driver/src/cyw43_ll.c.obj
 .text.cyw43_kso_set
                0x000000001000e7e8       0xa0 CMakeFiles/picow_connection.dir/home/skarv/pico/pico-sdk/lib/cyw43-driver/src/cyw43_ll.c.obj
 .text.cyw43_ll_sdpcm_poll_device
                0x000000001000e888      0x244 CMakeFiles/picow_connection.dir/home/skarv/pico/pico-sdk/lib/cyw43-driver/src/cyw43_ll.c.obj
 .text.cyw43_sdpcm_send_common
                0x000000001000eacc       0xf0 CMakeFiles/picow_connection.dir/home/skarv/pico/pico-sdk/lib/cyw43-driver/src/cyw43_ll.c.obj
 .text.cyw43_do_ioctl
                0x000000001000ebbc      0x110 CMakeFiles/picow_connection.dir/home/skarv/pico/pico-sdk/lib/cyw43-driver/src/cyw43_ll.c.obj
 .text.cyw43_do_ioctl.constprop.0
                0x000000001000eccc      0x108 CMakeFiles/picow_connection.dir/home/skarv/pico/pico-sdk/lib/cyw43-driver/src/cyw43_ll.c.obj
 .text.reset_device_core.constprop.0
                0x000000001000edd4      0x3f0 CMakeFiles/picow_connection.dir/home/skarv/pico/pico-sdk/lib/cyw43-driver/src/cyw43_ll.c.obj
 .text.cyw43_ll_init
                0x000000001000f1c4       0x18 CMakeFiles/picow_connection.dir/home/skarv/pico/pico-sdk/lib/cyw43-driver/src/cyw43_ll.c.obj
                0x000000001000f1c4                cyw43_ll_init
 .text.cyw43_ll_deinit
                0x000000001000f1dc        0x8 CMakeFiles/picow_connection.dir/home/skarv/pico/pico-sdk/lib/cyw43-driver/src/cyw43_ll.c.obj
                0x000000001000f1dc                cyw43_ll_deinit
 .text.cyw43_ll_send_ethernet
                0x000000001000f1e4       0x60 CMakeFiles/picow_connection.dir/home/skarv/pico/pico-sdk/lib/cyw43-driver/src/cyw43_ll.c.obj
                0x000000001000f1e4                cyw43_ll_send_ethernet
 .text.cyw43_ll_process_packets
                0x000000001000f244       0x68 CMakeFiles/picow_connection.dir/home/skarv/pico/pico-sdk/lib/cyw43-driver/src/cyw43_ll.c.obj
                0x000000001000f244                cyw43_ll_process_packets
 .text.cyw43_ll_ioctl
                0x000000001000f2ac       0x20 CMakeFiles/picow_connection.dir/home/skarv/pico/pico-sdk/lib/cyw43-driver/src/cyw43_ll.c.obj
                0x000000001000f2ac                cyw43_ll_ioctl
 .text.cyw43_ll_bus_sleep
                0x000000001000f2cc       0x34 CMakeFiles/picow_connection.dir/home/skarv/pico/pico-sdk/lib/cyw43-driver/src/cyw43_ll.c.obj
                0x000000001000f2cc                cyw43_ll_bus_sleep
 .text.cyw43_ll_bus_init
                0x000000001000f300      0xc84 CMakeFiles/picow_connection.dir/home/skarv/pico/pico-sdk/lib/cyw43-driver/src/cyw43_ll.c.obj
                0x000000001000f300                cyw43_ll_bus_init
 .text.cyw43_ll_wifi_on
                0x000000001000ff84      0x240 CMakeFiles/picow_connection.dir/home/skarv/pico/pico-sdk/lib/cyw43-driver/src/cyw43_ll.c.obj
                0x000000001000ff84                cyw43_ll_wifi_on
 .text.cyw43_ll_wifi_get_mac
                0x00000000100101c4       0x44 CMakeFiles/picow_connection.dir/home/skarv/pico/pico-sdk/lib/cyw43-driver/src/cyw43_ll.c.obj
                0x00000000100101c4                cyw43_ll_wifi_get_mac
 .text.cyw43_ll_wifi_pm
                0x0000000010010208      0x194 CMakeFiles/picow_connection.dir/home/skarv/pico/pico-sdk/lib/cyw43-driver/src/cyw43_ll.c.obj
                0x0000000010010208                cyw43_ll_wifi_pm
 .text.cyw43_ll_wifi_join
                0x000000001001039c      0x30c CMakeFiles/picow_connection.dir/home/skarv/pico/pico-sdk/lib/cyw43-driver/src/cyw43_ll.c.obj
                0x000000001001039c                cyw43_ll_wifi_join
 .text.cyw43_ll_wifi_set_wpa_auth
                0x00000000100106a8       0x2c CMakeFiles/picow_connection.dir/home/skarv/pico/pico-sdk/lib/cyw43-driver/src/cyw43_ll.c.obj
                0x00000000100106a8                cyw43_ll_wifi_set_wpa_auth
 .text.cyw43_ll_wifi_rejoin
                0x00000000100106d4       0x1c CMakeFiles/picow_connection.dir/home/skarv/pico/pico-sdk/lib/cyw43-driver/src/cyw43_ll.c.obj
                0x00000000100106d4                cyw43_ll_wifi_rejoin
 .text.cyw43_ll_wifi_ap_init
                0x00000000100106f0      0x2c4 CMakeFiles/picow_connection.dir/home/skarv/pico/pico-sdk/lib/cyw43-driver/src/cyw43_ll.c.obj
                0x00000000100106f0                cyw43_ll_wifi_ap_init
 .text.cyw43_ll_wifi_ap_set_up
                0x00000000100109b4       0x54 CMakeFiles/picow_connection.dir/home/skarv/pico/pico-sdk/lib/cyw43-driver/src/cyw43_ll.c.obj
                0x00000000100109b4                cyw43_ll_wifi_ap_set_up
 .text.cyw43_ll_has_work
                0x0000000010010a08       0x14 CMakeFiles/picow_connection.dir/home/skarv/pico/pico-sdk/lib/cyw43-driver/src/cyw43_ll.c.obj
                0x0000000010010a08                cyw43_ll_has_work
 .text.cyw43_netif_init
                0x0000000010010a1c       0x3c CMakeFiles/picow_connection.dir/home/skarv/pico/pico-sdk/lib/cyw43-driver/src/cyw43_lwip.c.obj
 .text.cyw43_netif_output
                0x0000000010010a58       0x34 CMakeFiles/picow_connection.dir/home/skarv/pico/pico-sdk/lib/cyw43-driver/src/cyw43_lwip.c.obj
 .text.cyw43_cb_tcpip_init
                0x0000000010010a8c       0xf8 CMakeFiles/picow_connection.dir/home/skarv/pico/pico-sdk/lib/cyw43-driver/src/cyw43_lwip.c.obj
                0x0000000010010a8c                cyw43_cb_tcpip_init
 .text.cyw43_cb_tcpip_deinit
                0x0000000010010b84       0x4c CMakeFiles/picow_connection.dir/home/skarv/pico/pico-sdk/lib/cyw43-driver/src/cyw43_lwip.c.obj
                0x0000000010010b84                cyw43_cb_tcpip_deinit
 .text.cyw43_cb_process_ethernet
                0x0000000010010bd0       0x68 CMakeFiles/picow_connection.dir/home/skarv/pico/pico-sdk/lib/cyw43-driver/src/cyw43_lwip.c.obj
                0x0000000010010bd0                cyw43_cb_process_ethernet
 .text.cyw43_cb_tcpip_set_link_up
                0x0000000010010c38       0x18 CMakeFiles/picow_connection.dir/home/skarv/pico/pico-sdk/lib/cyw43-driver/src/cyw43_lwip.c.obj
                0x0000000010010c38                cyw43_cb_tcpip_set_link_up
 .text.cyw43_cb_tcpip_set_link_down
                0x0000000010010c50       0x18 CMakeFiles/picow_connection.dir/home/skarv/pico/pico-sdk/lib/cyw43-driver/src/cyw43_lwip.c.obj
                0x0000000010010c50                cyw43_cb_tcpip_set_link_down
 .text.cyw43_tcpip_link_status
                0x0000000010010c68       0x34 CMakeFiles/picow_connection.dir/home/skarv/pico/pico-sdk/lib/cyw43-driver/src/cyw43_lwip.c.obj
                0x0000000010010c68                cyw43_tcpip_link_status
 .text.cyw43_poll_func
                0x0000000010010c9c       0xbc CMakeFiles/picow_connection.dir/home/skarv/pico/pico-sdk/lib/cyw43-driver/src/cyw43_ctrl.c.obj
 .text.cyw43_init
                0x0000000010010d58       0x70 CMakeFiles/picow_connection.dir/home/skarv/pico/pico-sdk/lib/cyw43-driver/src/cyw43_ctrl.c.obj
                0x0000000010010d58                cyw43_init
 .text.cyw43_deinit
                0x0000000010010dc8       0x94 CMakeFiles/picow_connection.dir/home/skarv/pico/pico-sdk/lib/cyw43-driver/src/cyw43_ctrl.c.obj
                0x0000000010010dc8                cyw43_deinit
 .text.cyw43_cb_read_host_interrupt_pin
                0x0000000010010e5c        0xc CMakeFiles/picow_connection.dir/home/skarv/pico/pico-sdk/lib/cyw43-driver/src/cyw43_ctrl.c.obj
                0x0000000010010e5c                cyw43_cb_read_host_interrupt_pin
 .text.cyw43_cb_ensure_awake
                0x0000000010010e68        0xc CMakeFiles/picow_connection.dir/home/skarv/pico/pico-sdk/lib/cyw43-driver/src/cyw43_ctrl.c.obj
                0x0000000010010e68                cyw43_cb_ensure_awake
 .text.cyw43_cb_process_async_event
                0x0000000010010e74      0x238 CMakeFiles/picow_connection.dir/home/skarv/pico/pico-sdk/lib/cyw43-driver/src/cyw43_ctrl.c.obj
                0x0000000010010e74                cyw43_cb_process_async_event
 .text.cyw43_send_ethernet
                0x00000000100110ac       0xc0 CMakeFiles/picow_connection.dir/home/skarv/pico/pico-sdk/lib/cyw43-driver/src/cyw43_ctrl.c.obj
                0x00000000100110ac                cyw43_send_ethernet
 .text.cyw43_wifi_get_mac
                0x000000001001116c       0x10 CMakeFiles/picow_connection.dir/home/skarv/pico/pico-sdk/lib/cyw43-driver/src/cyw43_ctrl.c.obj
                0x000000001001116c                cyw43_wifi_get_mac
 .text.cyw43_wifi_set_up
                0x000000001001117c      0x300 CMakeFiles/picow_connection.dir/home/skarv/pico/pico-sdk/lib/cyw43-driver/src/cyw43_ctrl.c.obj
                0x000000001001117c                cyw43_wifi_set_up
 .text.cyw43_wifi_link_status
                0x000000001001147c       0x3c CMakeFiles/picow_connection.dir/home/skarv/pico/pico-sdk/lib/cyw43-driver/src/cyw43_ctrl.c.obj
                0x000000001001147c                cyw43_wifi_link_status
 .text.cyw43_wifi_join
                0x00000000100114b8       0xf8 CMakeFiles/picow_connection.dir/home/skarv/pico/pico-sdk/lib/cyw43-driver/src/cyw43_ctrl.c.obj
                0x00000000100114b8                cyw43_wifi_join
 .text.pio_sm_unclaim
                0x00000000100115b0       0x20 CMakeFiles/picow_connection.dir/home/skarv/pico/pico-sdk/src/rp2_common/hardware_pio/pio.c.obj
                0x00000000100115b0                pio_sm_unclaim
 .text.pio_claim_unused_sm
                0x00000000100115d0       0x3c CMakeFiles/picow_connection.dir/home/skarv/pico/pico-sdk/src/rp2_common/hardware_pio/pio.c.obj
                0x00000000100115d0                pio_claim_unused_sm
 .text.pio_can_add_program
                0x000000001001160c       0x68 CMakeFiles/picow_connection.dir/home/skarv/pico/pico-sdk/src/rp2_common/hardware_pio/pio.c.obj
                0x000000001001160c                pio_can_add_program
 .text.pio_add_program
                0x0000000010011674       0xe4 CMakeFiles/picow_connection.dir/home/skarv/pico/pico-sdk/src/rp2_common/hardware_pio/pio.c.obj
                0x0000000010011674                pio_add_program
 .text.pio_remove_program
                0x0000000010011758       0x34 CMakeFiles/picow_connection.dir/home/skarv/pico/pico-sdk/src/rp2_common/hardware_pio/pio.c.obj
                0x0000000010011758                pio_remove_program
 .text.pio_sm_set_pindirs_with_mask
                0x000000001001178c       0xa4 CMakeFiles/picow_connection.dir/home/skarv/pico/pico-sdk/src/rp2_common/hardware_pio/pio.c.obj
                0x000000001001178c                pio_sm_set_pindirs_with_mask
 .text.pio_sm_set_consecutive_pindirs
                0x0000000010011830       0xb0 CMakeFiles/picow_connection.dir/home/skarv/pico/pico-sdk/src/rp2_common/hardware_pio/pio.c.obj
                0x0000000010011830                pio_sm_set_consecutive_pindirs
 .text.dma_channel_unclaim
                0x00000000100118e0       0x10 CMakeFiles/picow_connection.dir/home/skarv/pico/pico-sdk/src/rp2_common/hardware_dma/dma.c.obj
                0x00000000100118e0                dma_channel_unclaim
 .text.dma_claim_unused_channel
                0x00000000100118f0       0x20 CMakeFiles/picow_connection.dir/home/skarv/pico/pico-sdk/src/rp2_common/hardware_dma/dma.c.obj
                0x00000000100118f0                dma_claim_unused_channel
 .text.cyw43_sleep_timeout_reached
                0x0000000010011910       0x10 CMakeFiles/picow_connection.dir/home/skarv/pico/pico-sdk/src/rp2_common/pico_cyw43_driver/cyw43_driver.c.obj
 .text.cyw43_irq_init
                0x0000000010011920       0x28 CMakeFiles/picow_connection.dir/home/skarv/pico/pico-sdk/src/rp2_common/pico_cyw43_driver/cyw43_driver.c.obj
                0x0000000010011920                cyw43_irq_init
 .text.cyw43_irq_deinit
                0x0000000010011948       0x20 CMakeFiles/picow_connection.dir/home/skarv/pico/pico-sdk/src/rp2_common/pico_cyw43_driver/cyw43_driver.c.obj
                0x0000000010011948                cyw43_irq_deinit
 .text.cyw43_gpio_irq_handler
                0x0000000010011968       0x44 CMakeFiles/picow_connection.dir/home/skarv/pico/pico-sdk/src/rp2_common/pico_cyw43_driver/cyw43_driver.c.obj
 .text.cyw43_do_poll
                0x00000000100119ac       0x6c CMakeFiles/picow_connection.dir/home/skarv/pico/pico-sdk/src/rp2_common/pico_cyw43_driver/cyw43_driver.c.obj
 .text.cyw43_post_poll_hook
                0x0000000010011a18       0x10 CMakeFiles/picow_connection.dir/home/skarv/pico/pico-sdk/src/rp2_common/pico_cyw43_driver/cyw43_driver.c.obj
                0x0000000010011a18                cyw43_post_poll_hook
 .text.cyw43_schedule_internal_poll_dispatch
                0x0000000010011a28       0x18 CMakeFiles/picow_connection.dir/home/skarv/pico/pico-sdk/src/rp2_common/pico_cyw43_driver/cyw43_driver.c.obj
                0x0000000010011a28                cyw43_schedule_internal_poll_dispatch
 .text.cyw43_driver_init
                0x0000000010011a40       0x38 CMakeFiles/picow_connection.dir/home/skarv/pico/pico-sdk/src/rp2_common/pico_cyw43_driver/cyw43_driver.c.obj
                0x0000000010011a40                cyw43_driver_init
 .text.cyw43_driver_deinit
                0x0000000010011a78       0x44 CMakeFiles/picow_connection.dir/home/skarv/pico/pico-sdk/src/rp2_common/pico_cyw43_driver/cyw43_driver.c.obj
                0x0000000010011a78                cyw43_driver_deinit
 .text.cyw43_hal_generate_laa_mac
                0x0000000010011abc       0x28 CMakeFiles/picow_connection.dir/home/skarv/pico/pico-sdk/src/rp2_common/pico_cyw43_driver/cyw43_driver.c.obj
                0x0000000010011abc                cyw43_hal_generate_laa_mac
 .text.cyw43_hal_get_mac
                0x0000000010011ae4       0x1c CMakeFiles/picow_connection.dir/home/skarv/pico/pico-sdk/src/rp2_common/pico_cyw43_driver/cyw43_driver.c.obj
                0x0000000010011ae4                cyw43_hal_get_mac
 .text.cyw43_thread_enter
                0x0000000010011b00       0x14 CMakeFiles/picow_connection.dir/home/skarv/pico/pico-sdk/src/rp2_common/pico_cyw43_driver/cyw43_driver.c.obj
                0x0000000010011b00                cyw43_thread_enter
 .text.cyw43_thread_exit
                0x0000000010011b14       0x14 CMakeFiles/picow_connection.dir/home/skarv/pico/pico-sdk/src/rp2_common/pico_cyw43_driver/cyw43_driver.c.obj
                0x0000000010011b14                cyw43_thread_exit
 .text.cyw43_await_background_or_timeout_us
                0x0000000010011b28       0x34 CMakeFiles/picow_connection.dir/home/skarv/pico/pico-sdk/src/rp2_common/pico_cyw43_driver/cyw43_driver.c.obj
                0x0000000010011b28                cyw43_await_background_or_timeout_us
 .text.cyw43_delay_ms
                0x0000000010011b5c       0x44 CMakeFiles/picow_connection.dir/home/skarv/pico/pico-sdk/src/rp2_common/pico_cyw43_driver/cyw43_driver.c.obj
                0x0000000010011b5c                cyw43_delay_ms
 .text.cyw43_delay_us
                0x0000000010011ba0       0x34 CMakeFiles/picow_connection.dir/home/skarv/pico/pico-sdk/src/rp2_common/pico_cyw43_driver/cyw43_driver.c.obj
                0x0000000010011ba0                cyw43_delay_us
 .text.async_context_threadsafe_background_acquire_lock_blocking
                0x0000000010011bd4        0xc CMakeFiles/picow_connection.dir/home/skarv/pico/pico-sdk/src/rp2_common/pico_async_context/async_context_threadsafe_background.c.obj
 .text.alarm_handler
                0x0000000010011be0       0x20 CMakeFiles/picow_connection.dir/home/skarv/pico/pico-sdk/src/rp2_common/pico_async_context/async_context_threadsafe_background.c.obj
 .text.async_context_threadsafe_background_set_work_pending
                0x0000000010011c00       0x1c CMakeFiles/picow_connection.dir/home/skarv/pico/pico-sdk/src/rp2_common/pico_async_context/async_context_threadsafe_background.c.obj
 .text.process_under_lock
                0x0000000010011c1c       0xe0 CMakeFiles/picow_connection.dir/home/skarv/pico/pico-sdk/src/rp2_common/pico_async_context/async_context_threadsafe_background.c.obj
 .text.async_context_threadsafe_background_execute_sync
                0x0000000010011cfc       0x34 CMakeFiles/picow_connection.dir/home/skarv/pico/pico-sdk/src/rp2_common/pico_async_context/async_context_threadsafe_background.c.obj
                0x0000000010011cfc                async_context_threadsafe_background_execute_sync
 .text.async_context_threadsafe_background_deinit
                0x0000000010011d30       0x54 CMakeFiles/picow_connection.dir/home/skarv/pico/pico-sdk/src/rp2_common/pico_async_context/async_context_threadsafe_background.c.obj
 .text.low_priority_irq_handler
                0x0000000010011d84       0x40 CMakeFiles/picow_connection.dir/home/skarv/pico/pico-sdk/src/rp2_common/pico_async_context/async_context_threadsafe_background.c.obj
 .text.async_context_threadsafe_background_wait_for_work_until
                0x0000000010011dc4        0xc CMakeFiles/picow_connection.dir/home/skarv/pico/pico-sdk/src/rp2_common/pico_async_context/async_context_threadsafe_background.c.obj
 .text.async_context_threadsafe_background_wait_until
                0x0000000010011dd0       0x1c CMakeFiles/picow_connection.dir/home/skarv/pico/pico-sdk/src/rp2_common/pico_async_context/async_context_threadsafe_background.c.obj
 .text.async_context_threadsafe_background_lock_check
                0x0000000010011dec       0x28 CMakeFiles/picow_connection.dir/home/skarv/pico/pico-sdk/src/rp2_common/pico_async_context/async_context_threadsafe_background.c.obj
 .text.async_context_threadsafe_background_release_lock
                0x0000000010011e14       0x1c CMakeFiles/picow_connection.dir/home/skarv/pico/pico-sdk/src/rp2_common/pico_async_context/async_context_threadsafe_background.c.obj
 .text.async_context_threadsafe_background_when_pending_worker
                0x0000000010011e30       0x34 CMakeFiles/picow_connection.dir/home/skarv/pico/pico-sdk/src/rp2_common/pico_async_context/async_context_threadsafe_background.c.obj
 .text.async_context_threadsafe_background_remove_at_time_worker
                0x0000000010011e64       0x34 CMakeFiles/picow_connection.dir/home/skarv/pico/pico-sdk/src/rp2_common/pico_async_context/async_context_threadsafe_background.c.obj
 .text.async_context_threadsafe_background_add_when_pending_worker
                0x0000000010011e98       0x34 CMakeFiles/picow_connection.dir/home/skarv/pico/pico-sdk/src/rp2_common/pico_async_context/async_context_threadsafe_background.c.obj
 .text.async_context_threadsafe_background_add_at_time_worker
                0x0000000010011ecc       0x34 CMakeFiles/picow_connection.dir/home/skarv/pico/pico-sdk/src/rp2_common/pico_async_context/async_context_threadsafe_background.c.obj
 .text.async_context_threadsafe_background_default_config
                0x0000000010011f00        0xc CMakeFiles/picow_connection.dir/home/skarv/pico/pico-sdk/src/rp2_common/pico_async_context/async_context_threadsafe_background.c.obj
                0x0000000010011f00                async_context_threadsafe_background_default_config
 .text.async_context_threadsafe_background_init
                0x0000000010011f0c       0x8c CMakeFiles/picow_connection.dir/home/skarv/pico/pico-sdk/src/rp2_common/pico_async_context/async_context_threadsafe_background.c.obj
                0x0000000010011f0c                async_context_threadsafe_background_init
 .text.runtime_init
                0x0000000010011f98       0xf0 CMakeFiles/picow_connection.dir/home/skarv/pico/pico-sdk/src/rp2_common/pico_runtime/runtime.c.obj
                0x0000000010011f98                runtime_init
 .text._exit    0x0000000010012088        0x4 CMakeFiles/picow_connection.dir/home/skarv/pico/pico-sdk/src/rp2_common/pico_runtime/runtime.c.obj
                0x0000000010012088                _exit
 .text.exit     0x000000001001208c        0x8 CMakeFiles/picow_connection.dir/home/skarv/pico/pico-sdk/src/rp2_common/pico_runtime/runtime.c.obj
                0x000000001001208c                exit
 .text.panic    0x0000000010012094       0x30 CMakeFiles/picow_connection.dir/home/skarv/pico/pico-sdk/src/rp2_common/pico_runtime/runtime.c.obj
                0x0000000010012094                panic
 .text.hard_assertion_failure
                0x00000000100120c4        0xc CMakeFiles/picow_connection.dir/home/skarv/pico/pico-sdk/src/rp2_common/pico_runtime/runtime.c.obj
                0x00000000100120c4                hard_assertion_failure
 .text._out_null
                0x00000000100120d0        0x4 CMakeFiles/picow_connection.dir/home/skarv/pico/pico-sdk/src/rp2_common/pico_printf/printf.c.obj
 .text._out_rev
                0x00000000100120d4       0xd0 CMakeFiles/picow_connection.dir/home/skarv/pico/pico-sdk/src/rp2_common/pico_printf/printf.c.obj
 .text._ntoa_format
                0x00000000100121a4      0x1d0 CMakeFiles/picow_connection.dir/home/skarv/pico/pico-sdk/src/rp2_common/pico_printf/printf.c.obj
 .text._out_char
                0x0000000010012374       0x10 CMakeFiles/picow_connection.dir/home/skarv/pico/pico-sdk/src/rp2_common/pico_printf/printf.c.obj
 .text._out_fct
                0x0000000010012384       0x10 CMakeFiles/picow_connection.dir/home/skarv/pico/pico-sdk/src/rp2_common/pico_printf/printf.c.obj
 .text._etoa    0x0000000010012394      0x478 CMakeFiles/picow_connection.dir/home/skarv/pico/pico-sdk/src/rp2_common/pico_printf/printf.c.obj
 .text._ftoa    0x000000001001280c      0x3e0 CMakeFiles/picow_connection.dir/home/skarv/pico/pico-sdk/src/rp2_common/pico_printf/printf.c.obj
 .text._vsnprintf
                0x0000000010012bec      0xb08 CMakeFiles/picow_connection.dir/home/skarv/pico/pico-sdk/src/rp2_common/pico_printf/printf.c.obj
 .text.vfctprintf
                0x00000000100136f4       0x20 CMakeFiles/picow_connection.dir/home/skarv/pico/pico-sdk/src/rp2_common/pico_printf/printf.c.obj
                0x00000000100136f4                vfctprintf
 .text.weak_raw_vprintf
                0x0000000010013714       0x30 CMakeFiles/picow_connection.dir/home/skarv/pico/pico-sdk/src/rp2_common/pico_printf/printf.c.obj
                0x0000000010013714                weak_raw_vprintf
 .text          0x0000000010013744       0x10 CMakeFiles/picow_connection.dir/home/skarv/pico/pico-sdk/src/rp2_common/pico_bit_ops/bit_ops_aeabi.S.obj
 .text.ctzsi    0x0000000010013754        0xc CMakeFiles/picow_connection.dir/home/skarv/pico/pico-sdk/src/rp2_common/pico_bit_ops/bit_ops_aeabi.S.obj
                0x0000000010013754                __wrap___ctzsi2
 .text.__wrap___aeabi_idiv
                0x0000000010013760       0x50 CMakeFiles/picow_connection.dir/home/skarv/pico/pico-sdk/src/rp2_common/pico_divider/divider.S.obj
                0x0000000010013760                __wrap___aeabi_idivmod
                0x0000000010013760                divmod_s32s32
                0x0000000010013760                div_s32s32
                0x0000000010013760                __wrap___aeabi_idiv
                0x0000000010013768                divmod_s32s32_unsafe
                0x0000000010013794                divmod_s32s32_savestate
 .text.__wrap___aeabi_uidiv
                0x00000000100137b0       0x4c CMakeFiles/picow_connection.dir/home/skarv/pico/pico-sdk/src/rp2_common/pico_divider/divider.S.obj
                0x00000000100137b0                __wrap___aeabi_uidiv
                0x00000000100137b0                __wrap___aeabi_uidivmod
                0x00000000100137b0                div_u32u32
                0x00000000100137b0                divmod_u32u32
                0x00000000100137b8                divmod_u32u32_unsafe
                0x00000000100137e0                divmod_u32u32_savestate
 .text.__wrap___aeabi_ldiv
                0x00000000100137fc      0x424 CMakeFiles/picow_connection.dir/home/skarv/pico/pico-sdk/src/rp2_common/pico_divider/divider.S.obj
                0x00000000100137fc                div_s64s64
                0x00000000100137fc                divmod_s64s64
                0x00000000100137fc                __wrap___aeabi_ldivmod
                0x000000001001382c                div_u64u64
                0x000000001001382c                divmod_u64u64
                0x000000001001382c                __wrap___aeabi_uldivmod
                0x000000001001383c                divmod_u64u64_savestate
                0x000000001001385c                divmod_s64s64_unsafe
                0x00000000100138e4                divmod_u64u64_unsafe
 .text.__wrap___aeabi_darithmetic
                0x0000000010013c20       0x60 CMakeFiles/picow_connection.dir/home/skarv/pico/pico-sdk/src/rp2_common/pico_double/double_aeabi.S.obj
                0x0000000010013c20                __wrap___aeabi_drsub
                0x0000000010013c26                __wrap___aeabi_dsub
                0x0000000010013c30                __wrap___aeabi_dadd
                0x0000000010013c3a                __wrap___aeabi_ddiv
                0x0000000010013c6e                __wrap___aeabi_dmul
 .text.__wrap___aeabi_cdcmple
                0x0000000010013c80       0x6c CMakeFiles/picow_connection.dir/home/skarv/pico/pico-sdk/src/rp2_common/pico_double/double_aeabi.S.obj
                0x0000000010013c80                __wrap___aeabi_cdrcmple
                0x0000000010013c90                __wrap___aeabi_cdcmple
                0x0000000010013c90                __wrap___aeabi_cdcmpeq
 .text.__wrap___aeabi_dcmplt
                0x0000000010013cec        0xc CMakeFiles/picow_connection.dir/home/skarv/pico/pico-sdk/src/rp2_common/pico_double/double_aeabi.S.obj
                0x0000000010013cec                __wrap___aeabi_dcmplt
 .text.__wrap___aeabi_dcmple
                0x0000000010013cf8       0x10 CMakeFiles/picow_connection.dir/home/skarv/pico/pico-sdk/src/rp2_common/pico_double/double_aeabi.S.obj
                0x0000000010013cf8                __wrap___aeabi_dcmple
 .text.__wrap___aeabi_dcmpge
                0x0000000010013d08       0x10 CMakeFiles/picow_connection.dir/home/skarv/pico/pico-sdk/src/rp2_common/pico_double/double_aeabi.S.obj
                0x0000000010013d08                __wrap___aeabi_dcmpge
 .text.__wrap___aeabi_dcmpgt
                0x0000000010013d18        0xa CMakeFiles/picow_connection.dir/home/skarv/pico/pico-sdk/src/rp2_common/pico_double/double_aeabi.S.obj
                0x0000000010013d18                __wrap___aeabi_dcmpgt
 .text.__wrap___aeabi_dcmpun
                0x0000000010013d22       0x1c CMakeFiles/picow_connection.dir/home/skarv/pico/pico-sdk/src/rp2_common/pico_double/double_aeabi.S.obj
                0x0000000010013d22                __wrap___aeabi_dcmpun
 *fill*         0x0000000010013d3e        0x2 
 .text.__wrap___aeabi_i2d
                0x0000000010013d40       0x38 CMakeFiles/picow_connection.dir/home/skarv/pico/pico-sdk/src/rp2_common/pico_double/double_aeabi.S.obj
                0x0000000010013d40                __wrap___aeabi_ui2d
                0x0000000010013d48                __wrap___aeabi_i2d
 .text.__wrap___aeabi_d2iz
                0x0000000010013d78       0x48 CMakeFiles/picow_connection.dir/home/skarv/pico/pico-sdk/src/rp2_common/pico_double/double_aeabi.S.obj
                0x0000000010013d78                __wrap___aeabi_d2iz
                0x0000000010013d78                double2int_z
 .text.__wrap___aeabi_d2uiz
                0x0000000010013dc0       0x10 CMakeFiles/picow_connection.dir/home/skarv/pico/pico-sdk/src/rp2_common/pico_double/double_aeabi.S.obj
                0x0000000010013dc0                double2uint
                0x0000000010013dc0                __wrap___aeabi_d2uiz
 .text.missing_double_func_shim
                0x0000000010013dd0        0xc CMakeFiles/picow_connection.dir/home/skarv/pico/pico-sdk/src/rp2_common/pico_double/double_init_rom.c.obj
 .text.__aeabi_double_init
                0x0000000010013ddc       0xc0 CMakeFiles/picow_connection.dir/home/skarv/pico/pico-sdk/src/rp2_common/pico_double/double_init_rom.c.obj
                0x0000000010013ddc                __aeabi_double_init
 .text.double_table_shim_on_use_helper
                0x0000000010013e9c       0x2c CMakeFiles/picow_connection.dir/home/skarv/pico/pico-sdk/src/rp2_common/pico_double/double_v1_rom_shim.S.obj
                0x0000000010013e9c                double_table_shim_on_use_helper
 .text.__aeabi_lmul
                0x0000000010013ec8       0x32 CMakeFiles/picow_connection.dir/home/skarv/pico/pico-sdk/src/rp2_common/pico_int64_ops/pico_int64_ops_aeabi.S.obj
                0x0000000010013ec8                __wrap___aeabi_lmul
 *fill*         0x0000000010013efa        0x2 
 .text.missing_float_func_shim
                0x0000000010013efc        0xc CMakeFiles/picow_connection.dir/home/skarv/pico/pico-sdk/src/rp2_common/pico_float/float_init_rom.c.obj
 .text.__aeabi_float_init
                0x0000000010013f08       0x5c CMakeFiles/picow_connection.dir/home/skarv/pico/pico-sdk/src/rp2_common/pico_float/float_init_rom.c.obj
                0x0000000010013f08                __aeabi_float_init
 .text          0x0000000010013f64       0x10 CMakeFiles/picow_connection.dir/home/skarv/pico/pico-sdk/src/rp2_common/pico_mem_ops/mem_ops_aeabi.S.obj
                0x0000000010013f64                __aeabi_mem_init
 .text.memset   0x0000000010013f74        0xc CMakeFiles/picow_connection.dir/home/skarv/pico/pico-sdk/src/rp2_common/pico_mem_ops/mem_ops_aeabi.S.obj
                0x0000000010013f74                __wrap_memset
 .text.memcpy   0x0000000010013f80        0xc CMakeFiles/picow_connection.dir/home/skarv/pico/pico-sdk/src/rp2_common/pico_mem_ops/mem_ops_aeabi.S.obj
                0x0000000010013f80                __wrap___aeabi_memcpy
                0x0000000010013f80                __wrap_memcpy